Dec 01 18:28:55 Kattbox kernel: Linux version 6.12.0-thor_kernel-g2ba9f676d0a2-dirty (root@Kattbox) (gcc (GCC) 14.2.0, GNU ld (GNU Binutils) 2.43.1) #4 SMP PREEMPT_DYNAMIC Sun Dec  1 19:13:09 CET 2024
Dec 01 18:28:55 Kattbox kernel: Command line: BOOT_IMAGE=/vmlinuz-6.12.0-torvalds root=/dev/sda3 rw zswap.enabled=0 rootfstype=ext4 loglevel=3 quiet
Dec 01 18:28:55 Kattbox kernel: BIOS-provided physical RAM map:
Dec 01 18:28:55 Kattbox kernel: BIOS-e820: [mem 0x0000000000000000-0x000000000009fbff] usable
Dec 01 18:28:55 Kattbox kernel: BIOS-e820: [mem 0x000000000009fc00-0x000000000009ffff] reserved
Dec 01 18:28:55 Kattbox kernel: BIOS-e820: [mem 0x00000000000f0000-0x00000000000fffff] reserved
Dec 01 18:28:55 Kattbox kernel: BIOS-e820: [mem 0x0000000000100000-0x00000000bffdffff] usable
Dec 01 18:28:55 Kattbox kernel: BIOS-e820: [mem 0x00000000bffe0000-0x00000000bfffffff] reserved
Dec 01 18:28:55 Kattbox kernel: BIOS-e820: [mem 0x00000000feffc000-0x00000000feffffff] reserved
Dec 01 18:28:55 Kattbox kernel: BIOS-e820: [mem 0x00000000fffc0000-0x00000000ffffffff] reserved
Dec 01 18:28:55 Kattbox kernel: BIOS-e820: [mem 0x0000000100000000-0x000000043fffffff] usable
Dec 01 18:28:55 Kattbox kernel: NX (Execute Disable) protection: active
Dec 01 18:28:55 Kattbox kernel: APIC: Static calls initialized
Dec 01 18:28:55 Kattbox kernel: SMBIOS 2.8 present.
Dec 01 18:28:55 Kattbox kernel: DMI: QEMU Standard PC (i440FX + PIIX, 1996), BIOS Arch Linux 1.16.3-1-1 04/01/2014
Dec 01 18:28:55 Kattbox kernel: DMI: Memory slots populated: 1/1
Dec 01 18:28:55 Kattbox kernel: Hypervisor detected: KVM
Dec 01 18:28:55 Kattbox kernel: kvm-clock: Using msrs 4b564d01 and 4b564d00
Dec 01 18:28:55 Kattbox kernel: kvm-clock: using sched offset of 5238740697 cycles
Dec 01 18:28:55 Kattbox kernel: clocksource: kvm-clock: mask: 0xffffffffffffffff max_cycles: 0x1cd42e4dffb, max_idle_ns: 881590591483 ns
Dec 01 18:28:55 Kattbox kernel: tsc: Detected 1996.800 MHz processor
Dec 01 18:28:55 Kattbox kernel: e820: update [mem 0x00000000-0x00000fff] usable ==> reserved
Dec 01 18:28:55 Kattbox kernel: e820: remove [mem 0x000a0000-0x000fffff] usable
Dec 01 18:28:55 Kattbox kernel: last_pfn = 0x440000 max_arch_pfn = 0x400000000
Dec 01 18:28:55 Kattbox kernel: MTRR map: 4 entries (3 fixed + 1 variable; max 19), built from 8 variable MTRRs
Dec 01 18:28:55 Kattbox kernel: x86/PAT: Configuration [0-7]: WB  WC  UC- UC  WB  WP  UC- WT  
Dec 01 18:28:55 Kattbox kernel: last_pfn = 0xbffe0 max_arch_pfn = 0x400000000
Dec 01 18:28:55 Kattbox kernel: found SMP MP-table at [mem 0x000f6700-0x000f670f]
Dec 01 18:28:55 Kattbox kernel: Using GB pages for direct mapping
Dec 01 18:28:55 Kattbox kernel: ACPI: Early table checksum verification disabled
Dec 01 18:28:55 Kattbox kernel: ACPI: RSDP 0x00000000000F6510 000014 (v00 BOCHS )
Dec 01 18:28:55 Kattbox kernel: ACPI: RSDT 0x00000000BFFE2338 000034 (v01 BOCHS  BXPC     00000001 BXPC 00000001)
Dec 01 18:28:55 Kattbox kernel: ACPI: FACP 0x00000000BFFE2154 000074 (v01 BOCHS  BXPC     00000001 BXPC 00000001)
Dec 01 18:28:55 Kattbox kernel: ACPI: DSDT 0x00000000BFFE0040 002114 (v01 BOCHS  BXPC     00000001 BXPC 00000001)
Dec 01 18:28:55 Kattbox kernel: ACPI: FACS 0x00000000BFFE0000 000040
Dec 01 18:28:55 Kattbox kernel: ACPI: APIC 0x00000000BFFE21C8 000110 (v03 BOCHS  BXPC     00000001 BXPC 00000001)
Dec 01 18:28:55 Kattbox kernel: ACPI: HPET 0x00000000BFFE22D8 000038 (v01 BOCHS  BXPC     00000001 BXPC 00000001)
Dec 01 18:28:55 Kattbox kernel: ACPI: WAET 0x00000000BFFE2310 000028 (v01 BOCHS  BXPC     00000001 BXPC 00000001)
Dec 01 18:28:55 Kattbox kernel: ACPI: Reserving FACP table memory at [mem 0xbffe2154-0xbffe21c7]
Dec 01 18:28:55 Kattbox kernel: ACPI: Reserving DSDT table memory at [mem 0xbffe0040-0xbffe2153]
Dec 01 18:28:55 Kattbox kernel: ACPI: Reserving FACS table memory at [mem 0xbffe0000-0xbffe003f]
Dec 01 18:28:55 Kattbox kernel: ACPI: Reserving APIC table memory at [mem 0xbffe21c8-0xbffe22d7]
Dec 01 18:28:55 Kattbox kernel: ACPI: Reserving HPET table memory at [mem 0xbffe22d8-0xbffe230f]
Dec 01 18:28:55 Kattbox kernel: ACPI: Reserving WAET table memory at [mem 0xbffe2310-0xbffe2337]
Dec 01 18:28:55 Kattbox kernel: No NUMA configuration found
Dec 01 18:28:55 Kattbox kernel: Faking a node at [mem 0x0000000000000000-0x000000043fffffff]
Dec 01 18:28:55 Kattbox kernel: NODE_DATA(0) allocated [mem 0x43fffc940-0x43fffffff]
Dec 01 18:28:55 Kattbox kernel: Zone ranges:
Dec 01 18:28:55 Kattbox kernel:   DMA      [mem 0x0000000000001000-0x0000000000ffffff]
Dec 01 18:28:55 Kattbox kernel:   DMA32    [mem 0x0000000001000000-0x00000000ffffffff]
Dec 01 18:28:55 Kattbox kernel:   Normal   [mem 0x0000000100000000-0x000000043fffffff]
Dec 01 18:28:55 Kattbox kernel: Movable zone start for each node
Dec 01 18:28:55 Kattbox kernel: Early memory node ranges
Dec 01 18:28:55 Kattbox kernel:   node   0: [mem 0x0000000000001000-0x000000000009efff]
Dec 01 18:28:55 Kattbox kernel:   node   0: [mem 0x0000000000100000-0x00000000bffdffff]
Dec 01 18:28:55 Kattbox kernel:   node   0: [mem 0x0000000100000000-0x000000043fffffff]
Dec 01 18:28:55 Kattbox kernel: Initmem setup node 0 [mem 0x0000000000001000-0x000000043fffffff]
Dec 01 18:28:55 Kattbox kernel: On node 0, zone DMA: 1 pages in unavailable ranges
Dec 01 18:28:55 Kattbox kernel: On node 0, zone DMA: 97 pages in unavailable ranges
Dec 01 18:28:55 Kattbox kernel: On node 0, zone Normal: 32 pages in unavailable ranges
Dec 01 18:28:55 Kattbox kernel: ACPI: PM-Timer IO Port: 0x608
Dec 01 18:28:55 Kattbox kernel: ACPI: LAPIC_NMI (acpi_id[0xff] dfl dfl lint[0x1])
Dec 01 18:28:55 Kattbox kernel: IOAPIC[0]: apic_id 0, version 17, address 0xfec00000, GSI 0-23
Dec 01 18:28:55 Kattbox kernel: ACPI: INT_SRC_OVR (bus 0 bus_irq 0 global_irq 2 dfl dfl)
Dec 01 18:28:55 Kattbox kernel: ACPI: INT_SRC_OVR (bus 0 bus_irq 5 global_irq 5 high level)
Dec 01 18:28:55 Kattbox kernel: ACPI: INT_SRC_OVR (bus 0 bus_irq 9 global_irq 9 high level)
Dec 01 18:28:55 Kattbox kernel: ACPI: INT_SRC_OVR (bus 0 bus_irq 10 global_irq 10 high level)
Dec 01 18:28:55 Kattbox kernel: ACPI: INT_SRC_OVR (bus 0 bus_irq 11 global_irq 11 high level)
Dec 01 18:28:55 Kattbox kernel: ACPI: Using ACPI (MADT) for SMP configuration information
Dec 01 18:28:55 Kattbox kernel: ACPI: HPET id: 0x8086a201 base: 0xfed00000
Dec 01 18:28:55 Kattbox kernel: TSC deadline timer available
Dec 01 18:28:55 Kattbox kernel: CPU topo: Max. logical packages:   1
Dec 01 18:28:55 Kattbox kernel: CPU topo: Max. logical dies:       1
Dec 01 18:28:55 Kattbox kernel: CPU topo: Max. dies per package:   1
Dec 01 18:28:55 Kattbox kernel: CPU topo: Max. threads per core:   1
Dec 01 18:28:55 Kattbox kernel: CPU topo: Num. cores per package:    20
Dec 01 18:28:55 Kattbox kernel: CPU topo: Num. threads per package:  20
Dec 01 18:28:55 Kattbox kernel: CPU topo: Allowing 20 present CPUs plus 0 hotplug CPUs
Dec 01 18:28:55 Kattbox kernel: kvm-guest: APIC: eoi() replaced with kvm_guest_apic_eoi_write()
Dec 01 18:28:55 Kattbox kernel: kvm-guest: KVM setup pv remote TLB flush
Dec 01 18:28:55 Kattbox kernel: kvm-guest: setup PV sched yield
Dec 01 18:28:55 Kattbox kernel: [mem 0xc0000000-0xfeffbfff] available for PCI devices
Dec 01 18:28:55 Kattbox kernel: Booting paravirtualized kernel on KVM
Dec 01 18:28:55 Kattbox kernel: clocksource: refined-jiffies: mask: 0xffffffff max_cycles: 0xffffffff, max_idle_ns: 1910969940391419 ns
Dec 01 18:28:55 Kattbox kernel: setup_percpu: NR_CPUS:64 nr_cpumask_bits:20 nr_cpu_ids:20 nr_node_ids:1
Dec 01 18:28:55 Kattbox kernel: percpu: Embedded 56 pages/cpu s191320 r8192 d29864 u262144
Dec 01 18:28:55 Kattbox kernel: pcpu-alloc: s191320 r8192 d29864 u262144 alloc=1*2097152
Dec 01 18:28:55 Kattbox kernel: pcpu-alloc: [0] 00 01 02 03 04 05 06 07 [0] 08 09 10 11 12 13 14 15 
Dec 01 18:28:55 Kattbox kernel: pcpu-alloc: [0] 16 17 18 19 -- -- -- -- 
Dec 01 18:28:55 Kattbox kernel: Kernel command line: BOOT_IMAGE=/vmlinuz-6.12.0-torvalds root=/dev/sda3 rw zswap.enabled=0 rootfstype=ext4 loglevel=3 quiet
Dec 01 18:28:55 Kattbox kernel: Unknown kernel command line parameters "BOOT_IMAGE=/vmlinuz-6.12.0-torvalds", will be passed to user space.
Dec 01 18:28:55 Kattbox kernel: random: crng init done
Dec 01 18:28:55 Kattbox kernel: printk: log buffer data + meta data: 262144 + 917504 = 1179648 bytes
Dec 01 18:28:55 Kattbox kernel: Dentry cache hash table entries: 2097152 (order: 12, 16777216 bytes, linear)
Dec 01 18:28:55 Kattbox kernel: Inode-cache hash table entries: 1048576 (order: 11, 8388608 bytes, linear)
Dec 01 18:28:55 Kattbox kernel: Fallback order for Node 0: 0 
Dec 01 18:28:55 Kattbox kernel: Built 1 zonelists, mobility grouping on.  Total pages: 4194174
Dec 01 18:28:55 Kattbox kernel: Policy zone: Normal
Dec 01 18:28:55 Kattbox kernel: mem auto-init: stack:all(zero), heap alloc:off, heap free:off
Dec 01 18:28:55 Kattbox kernel: software IO TLB: area num 32.
Dec 01 18:28:55 Kattbox kernel: SLUB: HWalign=64, Order=0-3, MinObjects=0, CPUs=20, Nodes=1
Dec 01 18:28:55 Kattbox kernel: Dynamic Preempt: voluntary
Dec 01 18:28:55 Kattbox kernel: rcu: Preemptible hierarchical RCU implementation.
Dec 01 18:28:55 Kattbox kernel: rcu:         RCU event tracing is enabled.
Dec 01 18:28:55 Kattbox kernel: rcu:         RCU restricting CPUs from NR_CPUS=64 to nr_cpu_ids=20.
Dec 01 18:28:55 Kattbox kernel:         Trampoline variant of Tasks RCU enabled.
Dec 01 18:28:55 Kattbox kernel:         Tracing variant of Tasks RCU enabled.
Dec 01 18:28:55 Kattbox kernel: rcu: RCU calculated value of scheduler-enlistment delay is 100 jiffies.
Dec 01 18:28:55 Kattbox kernel: rcu: Adjusting geometry for rcu_fanout_leaf=16, nr_cpu_ids=20
Dec 01 18:28:55 Kattbox kernel: RCU Tasks: Setting shift to 5 and lim to 1 rcu_task_cb_adjust=1 rcu_task_cpu_ids=20.
Dec 01 18:28:55 Kattbox kernel: RCU Tasks Trace: Setting shift to 5 and lim to 1 rcu_task_cb_adjust=1 rcu_task_cpu_ids=20.
Dec 01 18:28:55 Kattbox kernel: NR_IRQS: 4352, nr_irqs: 584, preallocated irqs: 16
Dec 01 18:28:55 Kattbox kernel: rcu: srcu_init: Setting srcu_struct sizes based on contention.
Dec 01 18:28:55 Kattbox kernel: Console: colour VGA+ 80x25
Dec 01 18:28:55 Kattbox kernel: printk: legacy console [tty0] enabled
Dec 01 18:28:55 Kattbox kernel: ACPI: Core revision 20240827
Dec 01 18:28:55 Kattbox kernel: clocksource: hpet: mask: 0xffffffff max_cycles: 0xffffffff, max_idle_ns: 19112604467 ns
Dec 01 18:28:55 Kattbox kernel: APIC: Switch to symmetric I/O mode setup
Dec 01 18:28:55 Kattbox kernel: kvm-guest: APIC: send_IPI_mask() replaced with kvm_send_ipi_mask()
Dec 01 18:28:55 Kattbox kernel: kvm-guest: APIC: send_IPI_mask_allbutself() replaced with kvm_send_ipi_mask_allbutself()
Dec 01 18:28:55 Kattbox kernel: kvm-guest: setup PV IPIs
Dec 01 18:28:55 Kattbox kernel: ..TIMER: vector=0x30 apic1=0 pin1=2 apic2=-1 pin2=-1
Dec 01 18:28:55 Kattbox kernel: clocksource: tsc-early: mask: 0xffffffffffffffff max_cycles: 0x3990bec8342, max_idle_ns: 881590769617 ns
Dec 01 18:28:55 Kattbox kernel: Calibrating delay loop (skipped) preset value.. 3993.60 BogoMIPS (lpj=1996800)
Dec 01 18:28:55 Kattbox kernel: x86/cpu: User Mode Instruction Prevention (UMIP) activated
Dec 01 18:28:55 Kattbox kernel: Last level iTLB entries: 4KB 0, 2MB 0, 4MB 0
Dec 01 18:28:55 Kattbox kernel: Last level dTLB entries: 4KB 0, 2MB 0, 4MB 0, 1GB 0
Dec 01 18:28:55 Kattbox kernel: Spectre V1 : Mitigation: usercopy/swapgs barriers and __user pointer sanitization
Dec 01 18:28:55 Kattbox kernel: Spectre V2 : Spectre BHI mitigation: SW BHB clearing on syscall and VM exit
Dec 01 18:28:55 Kattbox kernel: Spectre V2 : Mitigation: Enhanced / Automatic IBRS
Dec 01 18:28:55 Kattbox kernel: Spectre V2 : Spectre v2 / SpectreRSB mitigation: Filling RSB on context switch
Dec 01 18:28:55 Kattbox kernel: Spectre V2 : Spectre v2 / PBRSB-eIBRS: Retire a single CALL on VMEXIT
Dec 01 18:28:55 Kattbox kernel: Spectre V2 : mitigation: Enabling conditional Indirect Branch Prediction Barrier
Dec 01 18:28:55 Kattbox kernel: Speculative Store Bypass: Mitigation: Speculative Store Bypass disabled via prctl
Dec 01 18:28:55 Kattbox kernel: Register File Data Sampling: Mitigation: Clear Register File
Dec 01 18:28:55 Kattbox kernel: x86/fpu: Supporting XSAVE feature 0x001: 'x87 floating point registers'
Dec 01 18:28:55 Kattbox kernel: x86/fpu: Supporting XSAVE feature 0x002: 'SSE registers'
Dec 01 18:28:55 Kattbox kernel: x86/fpu: Supporting XSAVE feature 0x004: 'AVX registers'
Dec 01 18:28:55 Kattbox kernel: x86/fpu: Supporting XSAVE feature 0x200: 'Protection Keys User registers'
Dec 01 18:28:55 Kattbox kernel: x86/fpu: xstate_offset[2]:  576, xstate_sizes[2]:  256
Dec 01 18:28:55 Kattbox kernel: x86/fpu: xstate_offset[9]:  832, xstate_sizes[9]:    8
Dec 01 18:28:55 Kattbox kernel: x86/fpu: Enabled xstate features 0x207, context size is 840 bytes, using 'compacted' format.
Dec 01 18:28:55 Kattbox kernel: Freeing SMP alternatives memory: 48K
Dec 01 18:28:55 Kattbox kernel: pid_max: default: 32768 minimum: 301
Dec 01 18:28:55 Kattbox kernel: LSM: initializing lsm=capability,selinux
Dec 01 18:28:55 Kattbox kernel: SELinux:  Initializing.
Dec 01 18:28:55 Kattbox kernel: Mount-cache hash table entries: 32768 (order: 6, 262144 bytes, linear)
Dec 01 18:28:55 Kattbox kernel: Mountpoint-cache hash table entries: 32768 (order: 6, 262144 bytes, linear)
Dec 01 18:28:55 Kattbox kernel: smpboot: CPU0: 12th Gen Intel(R) Core(TM) i7-1280P (family: 0x6, model: 0x9a, stepping: 0x3)
Dec 01 18:28:55 Kattbox kernel: Performance Events: unsupported p6 CPU model 154 no PMU driver, software events only.
Dec 01 18:28:55 Kattbox kernel: signal: max sigframe size: 3632
Dec 01 18:28:55 Kattbox kernel: rcu: Hierarchical SRCU implementation.
Dec 01 18:28:55 Kattbox kernel: rcu:         Max phase no-delay instances is 400.
Dec 01 18:28:55 Kattbox kernel: Timer migration: 2 hierarchy levels; 8 children per group; 2 crossnode level
Dec 01 18:28:55 Kattbox kernel: smp: Bringing up secondary CPUs ...
Dec 01 18:28:55 Kattbox kernel: smpboot: x86: Booting SMP configuration:
Dec 01 18:28:55 Kattbox kernel: .... node  #0, CPUs:        #1  #2  #3  #4  #5  #6  #7  #8  #9 #10 #11 #12 #13 #14 #15 #16 #17 #18 #19
Dec 01 18:28:55 Kattbox kernel: smp: Brought up 1 node, 20 CPUs
Dec 01 18:28:55 Kattbox kernel: smpboot: Total of 20 processors activated (79872.00 BogoMIPS)
Dec 01 18:28:55 Kattbox kernel: Memory: 16370760K/16776696K available (18432K kernel code, 2855K rwdata, 6460K rodata, 2700K init, 1012K bss, 397300K reserved, 0K cma-reserved)
Dec 01 18:28:55 Kattbox kernel: devtmpfs: initialized
Dec 01 18:28:55 Kattbox kernel: clocksource: jiffies: mask: 0xffffffff max_cycles: 0xffffffff, max_idle_ns: 1911260446275000 ns
Dec 01 18:28:55 Kattbox kernel: futex hash table entries: 8192 (order: 7, 524288 bytes, linear)
Dec 01 18:28:55 Kattbox kernel: NET: Registered PF_NETLINK/PF_ROUTE protocol family
Dec 01 18:28:55 Kattbox kernel: audit: initializing netlink subsys (disabled)
Dec 01 18:28:55 Kattbox kernel: audit: type=2000 audit(1733077734.175:1): state=initialized audit_enabled=0 res=1
Dec 01 18:28:55 Kattbox kernel: thermal_sys: Registered thermal governor 'step_wise'
Dec 01 18:28:55 Kattbox kernel: thermal_sys: Registered thermal governor 'user_space'
Dec 01 18:28:55 Kattbox kernel: cpuidle: using governor menu
Dec 01 18:28:55 Kattbox kernel: PCI: Using configuration type 1 for base access
Dec 01 18:28:55 Kattbox kernel: kprobes: kprobe jump-optimization is enabled. All kprobes are optimized if possible.
Dec 01 18:28:55 Kattbox kernel: HugeTLB: registered 2.00 MiB page size, pre-allocated 0 pages
Dec 01 18:28:55 Kattbox kernel: HugeTLB: 28 KiB vmemmap can be freed for a 2.00 MiB page
Dec 01 18:28:55 Kattbox kernel: ACPI: Added _OSI(Module Device)
Dec 01 18:28:55 Kattbox kernel: ACPI: Added _OSI(Processor Device)
Dec 01 18:28:55 Kattbox kernel: ACPI: Added _OSI(3.0 _SCP Extensions)
Dec 01 18:28:55 Kattbox kernel: ACPI: Added _OSI(Processor Aggregator Device)
Dec 01 18:28:55 Kattbox kernel: ACPI: 1 ACPI AML tables successfully acquired and loaded
Dec 01 18:28:55 Kattbox kernel: ACPI: Interpreter enabled
Dec 01 18:28:55 Kattbox kernel: ACPI: PM: (supports S0 S3 S5)
Dec 01 18:28:55 Kattbox kernel: ACPI: Using IOAPIC for interrupt routing
Dec 01 18:28:55 Kattbox kernel: PCI: Using host bridge windows from ACPI; if necessary, use "pci=nocrs" and report a bug
Dec 01 18:28:55 Kattbox kernel: PCI: Using E820 reservations for host bridge windows
Dec 01 18:28:55 Kattbox kernel: ACPI: Enabled 2 GPEs in block 00 to 0F
Dec 01 18:28:55 Kattbox kernel: ACPI: PCI Root Bridge [PCI0] (domain 0000 [bus 00-ff])
Dec 01 18:28:55 Kattbox kernel: acpi PNP0A03:00: _OSC: OS supports [ASPM ClockPM Segments MSI HPX-Type3]
Dec 01 18:28:55 Kattbox kernel: acpi PNP0A03:00: _OSC: not requesting OS control; OS requires [ExtendedConfig ASPM ClockPM MSI]
Dec 01 18:28:55 Kattbox kernel: acpi PNP0A03:00: fail to add MMCONFIG information, can't access extended configuration space under this bridge
Dec 01 18:28:55 Kattbox kernel: PCI host bridge to bus 0000:00
Dec 01 18:28:55 Kattbox kernel: pci_bus 0000:00: root bus resource [io  0x0000-0x0cf7 window]
Dec 01 18:28:55 Kattbox kernel: pci_bus 0000:00: root bus resource [io  0x0d00-0xffff window]
Dec 01 18:28:55 Kattbox kernel: pci_bus 0000:00: root bus resource [mem 0x000a0000-0x000bffff window]
Dec 01 18:28:55 Kattbox kernel: pci_bus 0000:00: root bus resource [mem 0xc0000000-0xfebfffff window]
Dec 01 18:28:55 Kattbox kernel: pci_bus 0000:00: root bus resource [mem 0x440000000-0x4bfffffff window]
Dec 01 18:28:55 Kattbox kernel: pci_bus 0000:00: root bus resource [bus 00-ff]
Dec 01 18:28:55 Kattbox kernel: pci 0000:00:00.0: [8086:1237] type 00 class 0x060000 conventional PCI endpoint
Dec 01 18:28:55 Kattbox kernel: pci 0000:00:01.0: [8086:7000] type 00 class 0x060100 conventional PCI endpoint
Dec 01 18:28:55 Kattbox kernel: pci 0000:00:01.1: [8086:7010] type 00 class 0x010180 conventional PCI endpoint
Dec 01 18:28:55 Kattbox kernel: pci 0000:00:01.1: BAR 4 [io  0xc040-0xc04f]
Dec 01 18:28:55 Kattbox kernel: pci 0000:00:01.1: BAR 0 [io  0x01f0-0x01f7]: legacy IDE quirk
Dec 01 18:28:55 Kattbox kernel: pci 0000:00:01.1: BAR 1 [io  0x03f6]: legacy IDE quirk
Dec 01 18:28:55 Kattbox kernel: pci 0000:00:01.1: BAR 2 [io  0x0170-0x0177]: legacy IDE quirk
Dec 01 18:28:55 Kattbox kernel: pci 0000:00:01.1: BAR 3 [io  0x0376]: legacy IDE quirk
Dec 01 18:28:55 Kattbox kernel: pci 0000:00:01.3: [8086:7113] type 00 class 0x068000 conventional PCI endpoint
Dec 01 18:28:55 Kattbox kernel: pci 0000:00:01.3: quirk: [io  0x0600-0x063f] claimed by PIIX4 ACPI
Dec 01 18:28:55 Kattbox kernel: pci 0000:00:01.3: quirk: [io  0x0700-0x070f] claimed by PIIX4 SMB
Dec 01 18:28:55 Kattbox kernel: pci 0000:00:02.0: [1234:1111] type 00 class 0x030000 conventional PCI endpoint
Dec 01 18:28:55 Kattbox kernel: pci 0000:00:02.0: BAR 0 [mem 0xfd000000-0xfdffffff pref]
Dec 01 18:28:55 Kattbox kernel: pci 0000:00:02.0: BAR 2 [mem 0xfebf0000-0xfebf0fff]
Dec 01 18:28:55 Kattbox kernel: pci 0000:00:02.0: ROM [mem 0xfebe0000-0xfebeffff pref]
Dec 01 18:28:55 Kattbox kernel: pci 0000:00:02.0: Video device with shadowed ROM at [mem 0x000c0000-0x000dffff]
Dec 01 18:28:55 Kattbox kernel: pci 0000:00:03.0: [8086:100e] type 00 class 0x020000 conventional PCI endpoint
Dec 01 18:28:55 Kattbox kernel: pci 0000:00:03.0: BAR 0 [mem 0xfebc0000-0xfebdffff]
Dec 01 18:28:55 Kattbox kernel: pci 0000:00:03.0: BAR 1 [io  0xc000-0xc03f]
Dec 01 18:28:55 Kattbox kernel: pci 0000:00:03.0: ROM [mem 0xfeb80000-0xfebbffff pref]
Dec 01 18:28:55 Kattbox kernel: ACPI: PCI: Interrupt link LNKA configured for IRQ 10
Dec 01 18:28:55 Kattbox kernel: ACPI: PCI: Interrupt link LNKB configured for IRQ 10
Dec 01 18:28:55 Kattbox kernel: ACPI: PCI: Interrupt link LNKC configured for IRQ 11
Dec 01 18:28:55 Kattbox kernel: ACPI: PCI: Interrupt link LNKD configured for IRQ 11
Dec 01 18:28:55 Kattbox kernel: ACPI: PCI: Interrupt link LNKS configured for IRQ 9
Dec 01 18:28:55 Kattbox kernel: iommu: Default domain type: Translated
Dec 01 18:28:55 Kattbox kernel: iommu: DMA domain TLB invalidation policy: lazy mode
Dec 01 18:28:55 Kattbox kernel: SCSI subsystem initialized
Dec 01 18:28:55 Kattbox kernel: libata version 3.00 loaded.
Dec 01 18:28:55 Kattbox kernel: ACPI: bus type USB registered
Dec 01 18:28:55 Kattbox kernel: usbcore: registered new interface driver usbfs
Dec 01 18:28:55 Kattbox kernel: usbcore: registered new interface driver hub
Dec 01 18:28:55 Kattbox kernel: usbcore: registered new device driver usb
Dec 01 18:28:55 Kattbox kernel: pps_core: LinuxPPS API ver. 1 registered
Dec 01 18:28:55 Kattbox kernel: pps_core: Software ver. 5.3.6 - Copyright 2005-2007 Rodolfo Giometti <giometti@linux.it>
Dec 01 18:28:55 Kattbox kernel: PTP clock support registered
Dec 01 18:28:55 Kattbox kernel: Advanced Linux Sound Architecture Driver Initialized.
Dec 01 18:28:55 Kattbox kernel: NetLabel: Initializing
Dec 01 18:28:55 Kattbox kernel: NetLabel:  domain hash size = 128
Dec 01 18:28:55 Kattbox kernel: NetLabel:  protocols = UNLABELED CIPSOv4 CALIPSO
Dec 01 18:28:55 Kattbox kernel: NetLabel:  unlabeled traffic allowed by default
Dec 01 18:28:55 Kattbox kernel: PCI: Using ACPI for IRQ routing
Dec 01 18:28:55 Kattbox kernel: PCI: pci_cache_line_size set to 64 bytes
Dec 01 18:28:55 Kattbox kernel: e820: reserve RAM buffer [mem 0x0009fc00-0x0009ffff]
Dec 01 18:28:55 Kattbox kernel: e820: reserve RAM buffer [mem 0xbffe0000-0xbfffffff]
Dec 01 18:28:55 Kattbox kernel: pci 0000:00:02.0: vgaarb: setting as boot VGA device
Dec 01 18:28:55 Kattbox kernel: pci 0000:00:02.0: vgaarb: bridge control possible
Dec 01 18:28:55 Kattbox kernel: pci 0000:00:02.0: vgaarb: VGA device added: decodes=io+mem,owns=io+mem,locks=none
Dec 01 18:28:55 Kattbox kernel: vgaarb: loaded
Dec 01 18:28:55 Kattbox kernel: hpet0: at MMIO 0xfed00000, IRQs 2, 8, 0
Dec 01 18:28:55 Kattbox kernel: hpet0: 3 comparators, 64-bit 100.000000 MHz counter
Dec 01 18:28:55 Kattbox kernel: clocksource: Switched to clocksource kvm-clock
Dec 01 18:28:55 Kattbox kernel: VFS: Disk quotas dquot_6.6.0
Dec 01 18:28:55 Kattbox kernel: VFS: Dquot-cache hash table entries: 512 (order 0, 4096 bytes)
Dec 01 18:28:55 Kattbox kernel: pnp: PnP ACPI init
Dec 01 18:28:55 Kattbox kernel: pnp 00:02: [dma 2]
Dec 01 18:28:55 Kattbox kernel: pnp: PnP ACPI: found 6 devices
Dec 01 18:28:55 Kattbox kernel: clocksource: acpi_pm: mask: 0xffffff max_cycles: 0xffffff, max_idle_ns: 2085701024 ns
Dec 01 18:28:55 Kattbox kernel: NET: Registered PF_INET protocol family
Dec 01 18:28:55 Kattbox kernel: IP idents hash table entries: 262144 (order: 9, 2097152 bytes, linear)
Dec 01 18:28:55 Kattbox kernel: tcp_listen_portaddr_hash hash table entries: 8192 (order: 5, 131072 bytes, linear)
Dec 01 18:28:55 Kattbox kernel: Table-perturb hash table entries: 65536 (order: 6, 262144 bytes, linear)
Dec 01 18:28:55 Kattbox kernel: TCP established hash table entries: 131072 (order: 8, 1048576 bytes, linear)
Dec 01 18:28:55 Kattbox kernel: TCP bind hash table entries: 65536 (order: 9, 2097152 bytes, linear)
Dec 01 18:28:55 Kattbox kernel: TCP: Hash tables configured (established 131072 bind 65536)
Dec 01 18:28:55 Kattbox kernel: UDP hash table entries: 8192 (order: 7, 524288 bytes, linear)
Dec 01 18:28:55 Kattbox kernel: UDP-Lite hash table entries: 8192 (order: 7, 524288 bytes, linear)
Dec 01 18:28:55 Kattbox kernel: NET: Registered PF_UNIX/PF_LOCAL protocol family
Dec 01 18:28:55 Kattbox kernel: RPC: Registered named UNIX socket transport module.
Dec 01 18:28:55 Kattbox kernel: RPC: Registered udp transport module.
Dec 01 18:28:55 Kattbox kernel: RPC: Registered tcp transport module.
Dec 01 18:28:55 Kattbox kernel: RPC: Registered tcp-with-tls transport module.
Dec 01 18:28:55 Kattbox kernel: RPC: Registered tcp NFSv4.1 backchannel transport module.
Dec 01 18:28:55 Kattbox kernel: pci_bus 0000:00: resource 4 [io  0x0000-0x0cf7 window]
Dec 01 18:28:55 Kattbox kernel: pci_bus 0000:00: resource 5 [io  0x0d00-0xffff window]
Dec 01 18:28:55 Kattbox kernel: pci_bus 0000:00: resource 6 [mem 0x000a0000-0x000bffff window]
Dec 01 18:28:55 Kattbox kernel: pci_bus 0000:00: resource 7 [mem 0xc0000000-0xfebfffff window]
Dec 01 18:28:55 Kattbox kernel: pci_bus 0000:00: resource 8 [mem 0x440000000-0x4bfffffff window]
Dec 01 18:28:55 Kattbox kernel: pci 0000:00:01.0: PIIX3: Enabling Passive Release
Dec 01 18:28:55 Kattbox kernel: pci 0000:00:00.0: Limiting direct PCI/PCI transfers
Dec 01 18:28:55 Kattbox kernel: PCI: CLS 0 bytes, default 64
Dec 01 18:28:55 Kattbox kernel: PCI-DMA: Using software bounce buffering for IO (SWIOTLB)
Dec 01 18:28:55 Kattbox kernel: software IO TLB: mapped [mem 0x00000000bbfe0000-0x00000000bffe0000] (64MB)
Dec 01 18:28:55 Kattbox kernel: RAPL PMU: API unit is 2^-32 Joules, 0 fixed counters, 10737418240 ms ovfl timer
Dec 01 18:28:55 Kattbox kernel: clocksource: tsc: mask: 0xffffffffffffffff max_cycles: 0x3990bec8342, max_idle_ns: 881590769617 ns
Dec 01 18:28:55 Kattbox kernel: Initialise system trusted keyrings
Dec 01 18:28:55 Kattbox kernel: workingset: timestamp_bits=56 max_order=22 bucket_order=0
Dec 01 18:28:55 Kattbox kernel: NFS: Registering the id_resolver key type
Dec 01 18:28:55 Kattbox kernel: Key type id_resolver registered
Dec 01 18:28:55 Kattbox kernel: Key type id_legacy registered
Dec 01 18:28:55 Kattbox kernel: 9p: Installing v9fs 9p2000 file system support
Dec 01 18:28:55 Kattbox kernel: Key type asymmetric registered
Dec 01 18:28:55 Kattbox kernel: Asymmetric key parser 'x509' registered
Dec 01 18:28:55 Kattbox kernel: Block layer SCSI generic (bsg) driver version 0.4 loaded (major 251)
Dec 01 18:28:55 Kattbox kernel: io scheduler mq-deadline registered
Dec 01 18:28:55 Kattbox kernel: io scheduler kyber registered
Dec 01 18:28:55 Kattbox kernel: input: Power Button as /devices/LNXSYSTM:00/LNXPWRBN:00/input/input0
Dec 01 18:28:55 Kattbox kernel: ACPI: button: Power Button [PWRF]
Dec 01 18:28:55 Kattbox kernel: Serial: 8250/16550 driver, 4 ports, IRQ sharing enabled
Dec 01 18:28:55 Kattbox kernel: 00:04: ttyS0 at I/O 0x3f8 (irq = 4, base_baud = 115200) is a 16550A
Dec 01 18:28:55 Kattbox kernel: Non-volatile memory driver v1.3
Dec 01 18:28:55 Kattbox kernel: Linux agpgart interface v0.103
Dec 01 18:28:55 Kattbox kernel: ACPI: bus type drm_connector registered
Dec 01 18:28:55 Kattbox kernel: loop: module loaded
Dec 01 18:28:55 Kattbox kernel: ata_piix 0000:00:01.1: version 2.13
Dec 01 18:28:55 Kattbox kernel: scsi host0: ata_piix
Dec 01 18:28:55 Kattbox kernel: scsi host1: ata_piix
Dec 01 18:28:55 Kattbox kernel: ata1: PATA max MWDMA2 cmd 0x1f0 ctl 0x3f6 bmdma 0xc040 irq 14 lpm-pol 0
Dec 01 18:28:55 Kattbox kernel: ata2: PATA max MWDMA2 cmd 0x170 ctl 0x376 bmdma 0xc048 irq 15 lpm-pol 0
Dec 01 18:28:55 Kattbox kernel: e100: Intel(R) PRO/100 Network Driver
Dec 01 18:28:55 Kattbox kernel: e100: Copyright(c) 1999-2006 Intel Corporation
Dec 01 18:28:55 Kattbox kernel: e1000: Intel(R) PRO/1000 Network Driver
Dec 01 18:28:55 Kattbox kernel: e1000: Copyright (c) 1999-2006 Intel Corporation.
Dec 01 18:28:55 Kattbox kernel: ACPI: \_SB_.LNKC: Enabled at IRQ 11
Dec 01 18:28:55 Kattbox kernel: ata1: found unknown device (class 0)
Dec 01 18:28:55 Kattbox kernel: ata2: found unknown device (class 0)
Dec 01 18:28:55 Kattbox kernel: ata1.00: ATA-7: QEMU HARDDISK, 2.5+, max UDMA/100
Dec 01 18:28:55 Kattbox kernel: ata1.00: 18874368 sectors, multi 16: LBA48 
Dec 01 18:28:55 Kattbox kernel: ata2.00: ATAPI: QEMU DVD-ROM, 2.5+, max UDMA/100
Dec 01 18:28:55 Kattbox kernel: scsi 0:0:0:0: Direct-Access     ATA      QEMU HARDDISK    2.5+ PQ: 0 ANSI: 5
Dec 01 18:28:55 Kattbox kernel: scsi 0:0:0:0: Attached scsi generic sg0 type 0
Dec 01 18:28:55 Kattbox kernel: sd 0:0:0:0: [sda] 18874368 512-byte logical blocks: (9.66 GB/9.00 GiB)
Dec 01 18:28:55 Kattbox kernel: sd 0:0:0:0: [sda] Write Protect is off
Dec 01 18:28:55 Kattbox kernel: sd 0:0:0:0: [sda] Mode Sense: 00 3a 00 00
Dec 01 18:28:55 Kattbox kernel: sd 0:0:0:0: [sda] Write cache: enabled, read cache: enabled, doesn't support DPO or FUA
Dec 01 18:28:55 Kattbox kernel: scsi 1:0:0:0: CD-ROM            QEMU     QEMU DVD-ROM     2.5+ PQ: 0 ANSI: 5
Dec 01 18:28:55 Kattbox kernel: sd 0:0:0:0: [sda] Preferred minimum I/O size 512 bytes
Dec 01 18:28:55 Kattbox kernel:  sda: sda1 sda3 sda4
Dec 01 18:28:55 Kattbox kernel: sd 0:0:0:0: [sda] Attached SCSI disk
Dec 01 18:28:55 Kattbox kernel: sr 1:0:0:0: [sr0] scsi3-mmc drive: 4x/4x cd/rw xa/form2 tray
Dec 01 18:28:55 Kattbox kernel: cdrom: Uniform CD-ROM driver Revision: 3.20
Dec 01 18:28:55 Kattbox kernel: sr 1:0:0:0: Attached scsi CD-ROM sr0
Dec 01 18:28:55 Kattbox kernel: sr 1:0:0:0: Attached scsi generic sg1 type 5
Dec 01 18:28:55 Kattbox kernel: e1000 0000:00:03.0 eth0: (PCI:33MHz:32-bit) 52:54:00:12:34:56
Dec 01 18:28:55 Kattbox kernel: e1000 0000:00:03.0 eth0: Intel(R) PRO/1000 Network Connection
Dec 01 18:28:55 Kattbox kernel: e1000e: Intel(R) PRO/1000 Network Driver
Dec 01 18:28:55 Kattbox kernel: e1000e: Copyright(c) 1999 - 2015 Intel Corporation.
Dec 01 18:28:55 Kattbox kernel: sky2: driver version 1.30
Dec 01 18:28:55 Kattbox kernel: usbcore: registered new interface driver usblp
Dec 01 18:28:55 Kattbox kernel: usbcore: registered new interface driver usb-storage
Dec 01 18:28:55 Kattbox kernel: i8042: PNP: PS/2 Controller [PNP0303:KBD,PNP0f13:MOU] at 0x60,0x64 irq 1,12
Dec 01 18:28:55 Kattbox kernel: serio: i8042 KBD port at 0x60,0x64 irq 1
Dec 01 18:28:55 Kattbox kernel: serio: i8042 AUX port at 0x60,0x64 irq 12
Dec 01 18:28:55 Kattbox kernel: rtc_cmos 00:05: RTC can wake from S4
Dec 01 18:28:55 Kattbox kernel: input: AT Translated Set 2 keyboard as /devices/platform/i8042/serio0/input/input1
Dec 01 18:28:55 Kattbox kernel: rtc_cmos 00:05: registered as rtc0
Dec 01 18:28:55 Kattbox kernel: rtc_cmos 00:05: alarms up to one day, y3k, 242 bytes nvram, hpet irqs
Dec 01 18:28:55 Kattbox kernel: device-mapper: ioctl: 4.48.0-ioctl (2023-03-01) initialised: dm-devel@lists.linux.dev
Dec 01 18:28:55 Kattbox kernel: intel_pstate: CPU model not supported
Dec 01 18:28:55 Kattbox kernel: hid: raw HID events driver (C) Jiri Kosina
Dec 01 18:28:55 Kattbox kernel: usbcore: registered new interface driver usbhid
Dec 01 18:28:55 Kattbox kernel: usbhid: USB HID core driver
Dec 01 18:28:55 Kattbox kernel: Initializing XFRM netlink socket
Dec 01 18:28:55 Kattbox kernel: NET: Registered PF_INET6 protocol family
Dec 01 18:28:55 Kattbox kernel: Segment Routing with IPv6
Dec 01 18:28:55 Kattbox kernel: In-situ OAM (IOAM) with IPv6
Dec 01 18:28:55 Kattbox kernel: sit: IPv6, IPv4 and MPLS over IPv4 tunneling driver
Dec 01 18:28:55 Kattbox kernel: NET: Registered PF_PACKET protocol family
Dec 01 18:28:55 Kattbox kernel: 9pnet: Installing 9P2000 support
Dec 01 18:28:55 Kattbox kernel: Key type dns_resolver registered
Dec 01 18:28:55 Kattbox kernel: IPI shorthand broadcast: enabled
Dec 01 18:28:55 Kattbox kernel: sched_clock: Marking stable (712002962, 9351370)->(726329789, -4975457)
Dec 01 18:28:55 Kattbox kernel: registered taskstats version 1
Dec 01 18:28:55 Kattbox kernel: Loading compiled-in X.509 certificates
Dec 01 18:28:55 Kattbox kernel: Demotion targets for Node 0: null
Dec 01 18:28:55 Kattbox kernel: printk: legacy console [netcon0] enabled
Dec 01 18:28:55 Kattbox kernel: netconsole: network logging started
Dec 01 18:28:55 Kattbox kernel: cfg80211: Loading compiled-in X.509 certificates for regulatory database
Dec 01 18:28:55 Kattbox kernel: kworker/u80:0 (156) used greatest stack depth: 13968 bytes left
Dec 01 18:28:55 Kattbox kernel: kworker/u80:0 (157) used greatest stack depth: 13904 bytes left
Dec 01 18:28:55 Kattbox kernel: Loaded X.509 cert 'sforshee: 00b28ddf47aef9cea7'
Dec 01 18:28:55 Kattbox kernel: Loaded X.509 cert 'wens: 61c038651aabdcf94bd0ac7ff06c7248db18c600'
Dec 01 18:28:55 Kattbox kernel: platform regulatory.0: Direct firmware load for regulatory.db failed with error -2
Dec 01 18:28:55 Kattbox kernel: cfg80211: failed to load regulatory.db
Dec 01 18:28:55 Kattbox kernel: ALSA device list:
Dec 01 18:28:55 Kattbox kernel:   No soundcards found.
Dec 01 18:28:55 Kattbox kernel: input: ImExPS/2 Generic Explorer Mouse as /devices/platform/i8042/serio1/input/input3
Dec 01 18:28:55 Kattbox kernel: md: Waiting for all devices to be available before autodetect
Dec 01 18:28:55 Kattbox kernel: md: If you don't use raid, use raid=noautodetect
Dec 01 18:28:55 Kattbox kernel: md: Autodetecting RAID arrays.
Dec 01 18:28:55 Kattbox kernel: md: autorun ...
Dec 01 18:28:55 Kattbox kernel: md: ... autorun DONE.
Dec 01 18:28:55 Kattbox kernel: EXT4-fs (sda3): mounted filesystem 0c3825da-2be3-4569-b77b-be54787bd50a r/w with ordered data mode. Quota mode: none.
Dec 01 18:28:55 Kattbox kernel: VFS: Mounted root (ext4 filesystem) on device 8:3.
Dec 01 18:28:55 Kattbox kernel: devtmpfs: mounted
Dec 01 18:28:55 Kattbox kernel: Freeing unused kernel image (initmem) memory: 2700K
Dec 01 18:28:55 Kattbox kernel: Write protecting the kernel read-only data: 26624k
Dec 01 18:28:55 Kattbox kernel: Freeing unused kernel image (rodata/data gap) memory: 1732K
Dec 01 18:28:55 Kattbox kernel: x86/mm: Checked W+X mappings: passed, no W+X pages found.
Dec 01 18:28:55 Kattbox kernel: Run /sbin/init as init process
Dec 01 18:28:55 Kattbox kernel:   with arguments:
Dec 01 18:28:55 Kattbox kernel:     /sbin/init
Dec 01 18:28:55 Kattbox kernel:   with environment:
Dec 01 18:28:55 Kattbox kernel:     HOME=/
Dec 01 18:28:55 Kattbox kernel:     TERM=linux
Dec 01 18:28:55 Kattbox kernel:     BOOT_IMAGE=/vmlinuz-6.12.0-torvalds
Dec 01 18:28:55 Kattbox systemd[1]: RTC configured in localtime, applying delta of 60 minutes to system time.
Dec 01 18:28:55 Kattbox systemd[1]: systemd 256.5 running in system mode (-PAM -AUDIT -SELINUX -APPARMOR +IMA +SMACK -SECCOMP -GCRYPT -GNUTLS +OPENSSL +ACL +BLKID -CURL -ELFUTILS -FIDO2 -IDN2 -IDN -IPTC +KMOD -LIBCRYPTSETUP -LIBCRYPTSETUP_PLUGINS +LIBFDISK -PCRE2 -PWQUALITY -P11KIT -QRENCODE -TPM2 +BZIP2 +LZ4 +XZ +ZLIB +ZSTD -BPF_FRAMEWORK -XKBCOMMON +UTMP +SYSVINIT -LIBARCHIVE)
Dec 01 18:28:55 Kattbox systemd[1]: Detected virtualization kvm.
Dec 01 18:28:55 Kattbox systemd[1]: Detected architecture x86-64.
Dec 01 18:28:55 Kattbox systemd[1]: Hostname set to <Kattbox>.
Dec 01 18:28:55 Kattbox kernel: systemd-run-gen (172) used greatest stack depth: 12848 bytes left
Dec 01 18:28:55 Kattbox systemd[1]: Queued start job for default target Graphical Interface.
Dec 01 18:28:55 Kattbox systemd[1]: Created slice Slice /system/getty.
Dec 01 18:28:55 Kattbox systemd[1]: Created slice Slice /system/modprobe.
Dec 01 18:28:55 Kattbox systemd[1]: Created slice User and Session Slice.
Dec 01 18:28:55 Kattbox systemd[1]: Started Dispatch Password Requests to Console Directory Watch.
Dec 01 18:28:55 Kattbox systemd[1]: Started Forward Password Requests to Wall Directory Watch.
Dec 01 18:28:55 Kattbox systemd[1]: Set up automount Arbitrary Executable File Formats File System Automount Point.
Dec 01 18:28:55 Kattbox systemd[1]: Expecting device /dev/disk/by-uuid/025C-63FC...
Dec 01 18:28:55 Kattbox systemd[1]: Expecting device /dev/disk/by-uuid/794b5bb8-5cb3-4b5c-aa48-a19ee04057e4...
Dec 01 18:28:55 Kattbox systemd[1]: Reached target Path Units.
Dec 01 18:28:55 Kattbox systemd[1]: Reached target Remote File Systems.
Dec 01 18:28:55 Kattbox systemd[1]: Reached target Slice Units.
Dec 01 18:28:55 Kattbox systemd[1]: Listening on Process Core Dump Socket.
Dec 01 18:28:55 Kattbox systemd[1]: Listening on Credential Encryption/Decryption.
Dec 01 18:28:55 Kattbox systemd[1]: Listening on initctl Compatibility Named Pipe.
Dec 01 18:28:55 Kattbox systemd[1]: Listening on Journal Audit Socket.
Dec 01 18:28:55 Kattbox systemd[1]: Listening on Journal Socket (/dev/log).
Dec 01 18:28:55 Kattbox systemd[1]: Listening on Journal Sockets.
Dec 01 18:28:55 Kattbox systemd[1]: Listening on DDI File System Mounter Socket.
Dec 01 18:28:55 Kattbox systemd[1]: Listening on Network Service Netlink Socket.
Dec 01 18:28:55 Kattbox systemd[1]: Listening on Namespace Resource Manager Socket.
Dec 01 18:28:55 Kattbox systemd[1]: Userspace Out-Of-Memory (OOM) Killer Socket was skipped because of an unmet condition check (ConditionPathExists=/proc/pressure/memory).
Dec 01 18:28:55 Kattbox systemd[1]: Listening on udev Control Socket.
Dec 01 18:28:55 Kattbox systemd[1]: Listening on udev Kernel Socket.
Dec 01 18:28:55 Kattbox systemd[1]: Mounting Huge Pages File System...
Dec 01 18:28:55 Kattbox systemd[1]: Mounting POSIX Message Queue File System...
Dec 01 18:28:55 Kattbox systemd[1]: Mounting Kernel Debug File System...
Dec 01 18:28:55 Kattbox systemd[1]: Mounting Kernel Trace File System...
Dec 01 18:28:55 Kattbox systemd[1]: Starting Create List of Static Device Nodes...
Dec 01 18:28:55 Kattbox systemd[1]: Starting Load Kernel Module configfs...
Dec 01 18:28:55 Kattbox systemd[1]: Starting Load Kernel Module dm_mod...
Dec 01 18:28:55 Kattbox systemd[1]: Starting Load Kernel Module drm...
Dec 01 18:28:55 Kattbox systemd[1]: Starting Load Kernel Module efi_pstore...
Dec 01 18:28:55 Kattbox systemd[1]: Starting Load Kernel Module fuse...
Dec 01 18:28:55 Kattbox systemd[1]: Starting Load Kernel Module loop...
Dec 01 18:28:55 Kattbox systemd[1]: File System Check on Root Device was skipped because of an unmet condition check (ConditionPathIsReadWrite=!/).
Dec 01 18:28:55 Kattbox systemd[1]: Clear Stale Hibernate Storage Info was skipped because of an unmet condition check (ConditionPathExists=/sys/firmware/efi/efivars/HibernateLocation-8cf2644b-4b0b-428f-9387-6d876050dc67).
Dec 01 18:28:55 Kattbox systemd[1]: systemd-journald.service: unit configures an IP firewall, but the local system does not support BPF/cgroup firewalling.
Dec 01 18:28:55 Kattbox systemd[1]: systemd-journald.service: (This warning is only shown for the first unit using IP firewalling.)
Dec 01 18:28:55 Kattbox systemd[1]: Starting Journal Service...
Dec 01 18:28:55 Kattbox systemd[1]: Load Kernel Modules was skipped because no trigger condition checks were met.
Dec 01 18:28:55 Kattbox systemd[1]: Starting Generate network units from Kernel command line...
Dec 01 18:28:55 Kattbox systemd[1]: Starting Remount Root and Kernel File Systems...
Dec 01 18:28:55 Kattbox systemd[1]: Starting Apply Kernel Variables...
Dec 01 18:28:55 Kattbox systemd[1]: Starting Load udev Rules from Credentials...
Dec 01 18:28:55 Kattbox systemd[1]: Starting Coldplug All udev Devices...
Dec 01 18:28:55 Kattbox systemd[1]: Mounted Huge Pages File System.
Dec 01 18:28:55 Kattbox systemd[1]: Mounted POSIX Message Queue File System.
Dec 01 18:28:55 Kattbox systemd[1]: Mounted Kernel Debug File System.
Dec 01 18:28:55 Kattbox systemd[1]: Mounted Kernel Trace File System.
Dec 01 18:28:55 Kattbox systemd[1]: Finished Create List of Static Device Nodes.
Dec 01 18:28:55 Kattbox systemd[1]: modprobe@configfs.service: Deactivated successfully.
Dec 01 18:28:55 Kattbox systemd[1]: Finished Load Kernel Module configfs.
Dec 01 18:28:55 Kattbox systemd[1]: modprobe@dm_mod.service: Deactivated successfully.
Dec 01 18:28:55 Kattbox systemd[1]: Finished Load Kernel Module dm_mod.
Dec 01 18:28:55 Kattbox systemd[1]: modprobe@drm.service: Deactivated successfully.
Dec 01 18:28:55 Kattbox systemd[1]: Finished Load Kernel Module drm.
Dec 01 18:28:55 Kattbox systemd[1]: modprobe@efi_pstore.service: Deactivated successfully.
Dec 01 18:28:55 Kattbox systemd[1]: Finished Load Kernel Module efi_pstore.
Dec 01 18:28:55 Kattbox systemd[1]: modprobe@fuse.service: Deactivated successfully.
Dec 01 18:28:55 Kattbox systemd[1]: Finished Load Kernel Module fuse.
Dec 01 18:28:55 Kattbox systemd[1]: modprobe@loop.service: Deactivated successfully.
Dec 01 18:28:55 Kattbox systemd[1]: Finished Load Kernel Module loop.
Dec 01 18:28:55 Kattbox systemd[1]: FUSE Control File System was skipped because of an unmet condition check (ConditionPathExists=/sys/fs/fuse/connections).
Dec 01 18:28:55 Kattbox systemd[1]: Kernel Configuration File System was skipped because of an unmet condition check (ConditionPathExists=/sys/kernel/config).
Dec 01 18:28:55 Kattbox systemd[1]: Repartition Root Disk was skipped because no trigger condition checks were met.
Dec 01 18:28:55 Kattbox systemd[1]: Starting Create Static Device Nodes in /dev gracefully...
Dec 01 18:28:55 Kattbox systemd[1]: Finished Generate network units from Kernel command line.
Dec 01 18:28:55 Kattbox systemd[1]: Reached target Preparation for Network.
Dec 01 18:28:55 Kattbox systemd-journald[206]: Collecting audit messages is enabled.
Dec 01 18:28:55 Kattbox systemd[1]: Finished Load udev Rules from Credentials.
Dec 01 18:28:55 Kattbox systemd[1]: Finished Apply Kernel Variables.
Dec 01 18:28:55 Kattbox systemd-journald[206]: Journal started
Dec 01 18:28:55 Kattbox systemd-journald[206]: Runtime Journal (/run/log/journal/3da3dbd49bc347d28f5509aa75d708c0) is 8M, max 320M, 312M free.
Dec 01 18:28:55 Kattbox systemd[1]: Started Journal Service.
Dec 01 18:28:55 Kattbox systemd[1]: Finished Create Static Device Nodes in /dev gracefully.
Dec 01 18:28:55 Kattbox systemd[1]: Starting Create Static Device Nodes in /dev...
Dec 01 18:28:56 Kattbox systemd[1]: Finished Create Static Device Nodes in /dev.
Dec 01 18:28:56 Kattbox kernel: udevadm (218) used greatest stack depth: 12832 bytes left
Dec 01 18:28:56 Kattbox systemd[1]: Finished Coldplug All udev Devices.
Dec 01 18:28:56 Kattbox kernel: EXT4-fs (sda3): re-mounted 0c3825da-2be3-4569-b77b-be54787bd50a r/w. Quota mode: none.
Dec 01 18:28:56 Kattbox systemd[1]: Finished Remount Root and Kernel File Systems.
Dec 01 18:28:56 Kattbox systemd[1]: Reached target Preparation for Local File Systems.
Dec 01 18:28:56 Kattbox systemd[1]: Rebuild Hardware Database was skipped because of an unmet condition check (ConditionNeedsUpdate=/etc).
Dec 01 18:28:56 Kattbox systemd[1]: Starting Flush Journal to Persistent Storage...
Dec 01 18:28:56 Kattbox systemd[1]: Platform Persistent Storage Archival was skipped because of an unmet condition check (ConditionDirectoryNotEmpty=/sys/fs/pstore).
Dec 01 18:28:56 Kattbox systemd[1]: Starting Load/Save OS Random Seed...
Dec 01 18:28:56 Kattbox systemd[1]: Starting Rule-based Manager for Device Events and Files...
Dec 01 18:28:56 Kattbox systemd-journald[206]: Time spent on flushing to /var/log/journal/3da3dbd49bc347d28f5509aa75d708c0 is 319.236ms for 485 entries.
Dec 01 18:28:56 Kattbox systemd-journald[206]: System Journal (/var/log/journal/3da3dbd49bc347d28f5509aa75d708c0) is 270M, max 759M, 489M free.
Dec 01 18:28:56 Kattbox systemd-journald[206]: Received client request to flush runtime journal.
Dec 01 18:28:56 Kattbox systemd-journald[206]: /var/log/journal/3da3dbd49bc347d28f5509aa75d708c0/system.journal: Realtime clock jumped backwards relative to last journal entry, rotating.
Dec 01 18:28:56 Kattbox systemd-journald[206]: Rotating system journal.
Dec 01 18:28:56 Kattbox kernel: e1000: eth0 NIC Link is Up 1000 Mbps Full Duplex, Flow Control: RX
Dec 01 18:28:56 Kattbox kernel: Adding 1048572k swap on /dev/sda4.  Priority:1 extents:1 across:1048572k 
Dec 01 18:28:56 Kattbox systemd-udevd[253]: Using default interface naming scheme 'v255'.
Dec 01 18:28:56 Kattbox systemd[1]: Finished Load/Save OS Random Seed.
Dec 01 18:28:56 Kattbox systemd[1]: First Boot Complete was skipped because of an unmet condition check (ConditionFirstBoot=yes).
Dec 01 18:28:56 Kattbox systemd[1]: Started Rule-based Manager for Device Events and Files.
Dec 01 18:28:56 Kattbox systemd[1]: Starting Network Configuration...
Dec 01 18:28:56 Kattbox systemd[1]: Starting Namespace Resource Manager...
Dec 01 18:28:56 Kattbox systemd[1]: Listening on Load/Save RF Kill Switch Status /dev/rfkill Watch.
Dec 01 18:28:56 Kattbox systemd[1]: Starting Virtual Console Setup...
Dec 01 18:28:56 Kattbox systemd-nsresourced[312]: Not setting up BPF subsystem, as functionality has been disabled at compile time.
Dec 01 18:28:56 Kattbox systemd[1]: Started Namespace Resource Manager.
Dec 01 18:28:56 Kattbox systemd[1]: Found device QEMU_HARDDISK 1.
Dec 01 18:28:56 Kattbox systemd[1]: Found device QEMU_HARDDISK 4.
Dec 01 18:28:56 Kattbox systemd[1]: Activating swap /dev/disk/by-uuid/794b5bb8-5cb3-4b5c-aa48-a19ee04057e4...
Dec 01 18:28:56 Kattbox systemd-networkd[259]: /etc/systemd/network/10-eth-static.network:8: 'localhost' domain may not be configured as search or route domain, ignoring assignment: localhost
Dec 01 18:28:56 Kattbox systemd-networkd[259]: lo: Link UP
Dec 01 18:28:56 Kattbox systemd-networkd[259]: lo: Gained carrier
Dec 01 18:28:56 Kattbox systemd-networkd[259]: Enumeration completed
Dec 01 18:28:56 Kattbox systemd[1]: Started Network Configuration.
Dec 01 18:28:56 Kattbox systemd[1]: Starting Enable Persistent Storage in systemd-networkd...
Dec 01 18:28:56 Kattbox systemd-networkd[259]: eth0: found matching network '/etc/systemd/network/10-eth-dhcp.network', based on potentially unpredictable interface name.
Dec 01 18:28:56 Kattbox systemd-networkd[259]: eth0: Configuring with /etc/systemd/network/10-eth-dhcp.network.
Dec 01 18:28:56 Kattbox systemd-networkd[259]: eth0: Link UP
Dec 01 18:28:56 Kattbox systemd-networkd[259]: eth0: Gained carrier
Dec 01 18:28:56 Kattbox systemd-networkd[259]: eth0: found matching network '/etc/systemd/network/10-eth-dhcp.network', based on potentially unpredictable interface name.
Dec 01 18:28:56 Kattbox systemd[1]: Activated swap /dev/disk/by-uuid/794b5bb8-5cb3-4b5c-aa48-a19ee04057e4.
Dec 01 18:28:56 Kattbox systemd[1]: Finished Enable Persistent Storage in systemd-networkd.
Dec 01 18:28:56 Kattbox systemd[1]: Reached target Swaps.
Dec 01 18:28:56 Kattbox systemd[1]: Finished Flush Journal to Persistent Storage.
Dec 01 18:28:56 Kattbox systemd[1]: Finished Virtual Console Setup.
Dec 01 18:28:56 Kattbox systemd[1]: boot.mount: Directory /boot to mount over is not empty, mounting anyway.
Dec 01 18:28:56 Kattbox systemd[1]: Mounting /boot...
Dec 01 18:28:56 Kattbox systemd[1]: Virtual Machine and Container Storage (Compatibility) was skipped because of an unmet condition check (ConditionPathExists=/var/lib/machines.raw).
Dec 01 18:28:56 Kattbox systemd[1]: Reached target Containers.
Dec 01 18:28:56 Kattbox kernel: FAT-fs (sda1): Volume was not properly unmounted. Some data may be corrupt. Please run fsck.
Dec 01 18:28:56 Kattbox systemd[1]: Mounted /boot.
Dec 01 18:28:56 Kattbox systemd[1]: Reached target Local File Systems.
Dec 01 18:28:56 Kattbox systemd[1]: Listening on System Extension Image Management.
Dec 01 18:28:56 Kattbox systemd[1]: Set Up Additional Binary Formats was skipped because no trigger condition checks were met.
Dec 01 18:28:56 Kattbox systemd[1]: Merge System Configuration Images into /etc/ was skipped because no trigger condition checks were met.
Dec 01 18:28:56 Kattbox systemd[1]: Save Transient machine-id to Disk was skipped because of an unmet condition check (ConditionPathIsMountPoint=/etc/machine-id).
Dec 01 18:28:56 Kattbox systemd[1]: Merge System Extension Images into /usr/ and /opt/ was skipped because no trigger condition checks were met.
Dec 01 18:28:56 Kattbox systemd[1]: Starting Create System Files and Directories...
Dec 01 18:28:57 Kattbox systemd[1]: Finished Create System Files and Directories.
Dec 01 18:28:57 Kattbox systemd[1]: Rebuild Journal Catalog was skipped because of an unmet condition check (ConditionNeedsUpdate=/var).
Dec 01 18:28:57 Kattbox systemd[1]: Userspace Out-Of-Memory (OOM) Killer was skipped because of an unmet condition check (ConditionPathExists=/proc/pressure/memory).
Dec 01 18:28:57 Kattbox systemd[1]: Starting Network Name Resolution...
Dec 01 18:28:57 Kattbox systemd[1]: Starting Network Time Synchronization...
Dec 01 18:28:57 Kattbox systemd[1]: Update is Completed was skipped because no trigger condition checks were met.
Dec 01 18:28:57 Kattbox systemd[1]: Starting Record System Boot/Shutdown in UTMP...
Dec 01 18:28:57 Kattbox systemd[1]: Finished Record System Boot/Shutdown in UTMP.
Dec 01 19:21:26 Kattbox systemd-timesyncd[344]: System clock time unset or jumped backwards, restored from recorded timestamp: Sun 2024-12-01 19:21:26 CET
Dec 01 19:21:26 Kattbox systemd-timesyncd[344]: The system is configured to read the RTC time in the local time zone. This mode cannot be fully supported. All system time to RTC updates are disabled.
Dec 01 19:21:26 Kattbox systemd[1]: Started Network Time Synchronization.
Dec 01 19:21:26 Kattbox systemd[1]: Reached target System Time Set.
Dec 01 19:21:26 Kattbox systemd-resolved[343]: Positive Trust Anchors:
Dec 01 19:21:26 Kattbox systemd-resolved[343]: . IN DS 20326 8 2 e06d44b80b8f1d39a95c0b0d7c65d08458e880409bbc683457104237c7f8ec8d
Dec 01 19:21:26 Kattbox systemd-resolved[343]: Negative trust anchors: home.arpa 10.in-addr.arpa 16.172.in-addr.arpa 17.172.in-addr.arpa 18.172.in-addr.arpa 19.172.in-addr.arpa 20.172.in-addr.arpa 21.172.in-addr.arpa 22.172.in-addr.arpa 23.172.in-addr.arpa 24.172.in-addr.arpa 25.172.in-addr.arpa 26.172.in-addr.arpa 27.172.in-addr.arpa 28.172.in-addr.arpa 29.172.in-addr.arpa 30.172.in-addr.arpa 31.172.in-addr.arpa 170.0.0.192.in-addr.arpa 171.0.0.192.in-addr.arpa 168.192.in-addr.arpa d.f.ip6.arpa ipv4only.arpa resolver.arpa corp home internal intranet lan local private test
Dec 01 19:21:26 Kattbox systemd-resolved[343]: Using system hostname 'Kattbox'.
Dec 01 19:21:26 Kattbox systemd[1]: Started Network Name Resolution.
Dec 01 19:21:26 Kattbox systemd[1]: Reached target Network.
Dec 01 19:21:26 Kattbox systemd[1]: Reached target Host and Network Name Lookups.
Dec 01 19:21:26 Kattbox systemd[1]: Reached target System Initialization.
Dec 01 19:21:26 Kattbox systemd[1]: Started Daily Cleanup of Temporary Directories.
Dec 01 19:21:26 Kattbox systemd[1]: Reached target Timer Units.
Dec 01 19:21:26 Kattbox systemd[1]: Listening on D-Bus System Message Bus Socket.
Dec 01 19:21:26 Kattbox systemd[1]: Listening on OpenSSH Server Socket (systemd-ssh-generator, AF_UNIX Local).
Dec 01 19:21:26 Kattbox systemd[1]: Listening on Hostname Service Socket.
Dec 01 19:21:26 Kattbox systemd[1]: Reached target Socket Units.
Dec 01 19:21:26 Kattbox systemd[1]: Reached target Basic System.
Dec 01 19:21:26 Kattbox systemd[1]: System is tainted: unmerged-bin:local-hwclock
Dec 01 19:21:26 Kattbox systemd[1]: Starting D-Bus System Message Bus...
Dec 01 19:21:26 Kattbox systemd[1]: Started Getty on tty1.
Dec 01 19:21:26 Kattbox systemd[1]: Reached target Login Prompts.
Dec 01 19:21:26 Kattbox systemd[1]: Started OpenSSH Daemon.
Dec 01 19:21:26 Kattbox systemd[1]: Starting User Login Management...
Dec 01 19:21:26 Kattbox sshd[350]: Server listening on 0.0.0.0 port 22.
Dec 01 19:21:26 Kattbox sshd[350]: Server listening on :: port 22.
Dec 01 19:21:26 Kattbox systemd-logind[351]: Watching system buttons on /dev/input/event0 (Power Button)
Dec 01 19:21:26 Kattbox systemd-logind[351]: Watching system buttons on /dev/input/event1 (AT Translated Set 2 keyboard)
Dec 01 19:21:26 Kattbox systemd-logind[351]: New seat seat0.
Dec 01 19:21:26 Kattbox systemd[1]: Started User Login Management.
Dec 01 19:21:26 Kattbox systemd[1]: Started D-Bus System Message Bus.
Dec 01 19:21:26 Kattbox systemd[1]: Reached target Multi-User System.
Dec 01 19:21:26 Kattbox systemd[1]: Reached target Graphical Interface.
Dec 01 19:21:26 Kattbox systemd[1]: Starting Record Runlevel Change in UTMP...
Dec 01 19:21:26 Kattbox dbus-daemon[348]: [system] Successfully activated service 'org.freedesktop.systemd1'
Dec 01 19:21:26 Kattbox systemd[1]: systemd-update-utmp-runlevel.service: Deactivated successfully.
Dec 01 19:21:26 Kattbox systemd[1]: Finished Record Runlevel Change in UTMP.
Dec 01 19:21:26 Kattbox systemd[1]: Startup finished in 1.475s (kernel) + 1.881s (userspace) = 3.357s.
Dec 01 19:21:27 Kattbox systemd-networkd[259]: eth0: DHCPv4 address 10.0.2.15/24, gateway 10.0.2.2 acquired from 10.0.2.2
Dec 01 19:21:27 Kattbox systemd-timesyncd[344]: Network configuration changed, trying to establish connection.
Dec 01 19:21:27 Kattbox systemd-networkd[259]: eth0: Gained IPv6LL
Dec 01 19:29:00 Kattbox systemd-resolved[343]: Clock change detected. Flushing caches.
Dec 01 19:29:00 Kattbox systemd-timesyncd[344]: Contacted time server 216.239.35.0:123 (time1.google.com).
Dec 01 19:29:00 Kattbox systemd-timesyncd[344]: Initial clock synchronization to Sun 2024-12-01 19:29:00.157701 CET.
Dec 01 19:29:32 Kattbox sshd-session[371]: Accepted publickey for root from 10.0.2.2 port 35000 ssh2: RSA SHA256:2E9RKw5vEMmFCLjZGjkCjGNFH7rGk10q3ewmvENK2WE
Dec 01 19:29:55 Kattbox kernel: patch (382) used greatest stack depth: 12688 bytes left
Dec 01 19:30:04 Kattbox kernel: patch (386) used greatest stack depth: 12616 bytes left
