[    0.000000] Linux version 6.12.0testing-next-next-20241128-dirty (root@Kattbox) (gcc (GCC) 14.2.0, GNU ld (GNU Binutils) 2.43.1) #2 SMP PREEMPT_DYNAMIC Mon Dec  2 13:33:57 CET 2024
[    0.000000] Command line: BOOT_IMAGE=/vmlinuz-6.13.0-next root=/dev/sda3 rw zswap.enabled=0 rootfstype=ext4 loglevel=3 quiet
[    0.000000] BIOS-provided physical RAM map:
[    0.000000] BIOS-e820: [mem 0x0000000000000000-0x000000000009fbff] usable
[    0.000000] BIOS-e820: [mem 0x000000000009fc00-0x000000000009ffff] reserved
[    0.000000] BIOS-e820: [mem 0x00000000000f0000-0x00000000000fffff] reserved
[    0.000000] BIOS-e820: [mem 0x0000000000100000-0x00000000bffdffff] usable
[    0.000000] BIOS-e820: [mem 0x00000000bffe0000-0x00000000bfffffff] reserved
[    0.000000] BIOS-e820: [mem 0x00000000feffc000-0x00000000feffffff] reserved
[    0.000000] BIOS-e820: [mem 0x00000000fffc0000-0x00000000ffffffff] reserved
[    0.000000] BIOS-e820: [mem 0x0000000100000000-0x000000043fffffff] usable
[    0.000000] NX (Execute Disable) protection: active
[    0.000000] APIC: Static calls initialized
[    0.000000] SMBIOS 2.8 present.
[    0.000000] DMI: QEMU Standard PC (i440FX + PIIX, 1996), BIOS Arch Linux 1.16.3-1-1 04/01/2014
[    0.000000] DMI: Memory slots populated: 1/1
[    0.000000] Hypervisor detected: KVM
[    0.000000] kvm-clock: Using msrs 4b564d01 and 4b564d00
[    0.000001] kvm-clock: using sched offset of 4633086449 cycles
[    0.000002] clocksource: kvm-clock: mask: 0xffffffffffffffff max_cycles: 0x1cd42e4dffb, max_idle_ns: 881590591483 ns
[    0.000004] tsc: Detected 1996.800 MHz processor
[    0.000351] e820: update [mem 0x00000000-0x00000fff] usable ==> reserved
[    0.000352] e820: remove [mem 0x000a0000-0x000fffff] usable
[    0.000355] last_pfn = 0x440000 max_arch_pfn = 0x400000000
[    0.000373] MTRR map: 4 entries (3 fixed + 1 variable; max 19), built from 8 variable MTRRs
[    0.000374] x86/PAT: Configuration [0-7]: WB  WC  UC- UC  WB  WP  UC- WT  
[    0.000397] last_pfn = 0xbffe0 max_arch_pfn = 0x400000000
[    0.002566] found SMP MP-table at [mem 0x000f6700-0x000f670f]
[    0.002571] Using GB pages for direct mapping
[    0.002628] ACPI: Early table checksum verification disabled
[    0.002630] ACPI: RSDP 0x00000000000F6510 000014 (v00 BOCHS )
[    0.002631] ACPI: RSDT 0x00000000BFFE2338 000034 (v01 BOCHS  BXPC     00000001 BXPC 00000001)
[    0.002634] ACPI: FACP 0x00000000BFFE2154 000074 (v01 BOCHS  BXPC     00000001 BXPC 00000001)
[    0.002637] ACPI: DSDT 0x00000000BFFE0040 002114 (v01 BOCHS  BXPC     00000001 BXPC 00000001)
[    0.002638] ACPI: FACS 0x00000000BFFE0000 000040
[    0.002639] ACPI: APIC 0x00000000BFFE21C8 000110 (v03 BOCHS  BXPC     00000001 BXPC 00000001)
[    0.002641] ACPI: HPET 0x00000000BFFE22D8 000038 (v01 BOCHS  BXPC     00000001 BXPC 00000001)
[    0.002642] ACPI: WAET 0x00000000BFFE2310 000028 (v01 BOCHS  BXPC     00000001 BXPC 00000001)
[    0.002643] ACPI: Reserving FACP table memory at [mem 0xbffe2154-0xbffe21c7]
[    0.002643] ACPI: Reserving DSDT table memory at [mem 0xbffe0040-0xbffe2153]
[    0.002644] ACPI: Reserving FACS table memory at [mem 0xbffe0000-0xbffe003f]
[    0.002644] ACPI: Reserving APIC table memory at [mem 0xbffe21c8-0xbffe22d7]
[    0.002645] ACPI: Reserving HPET table memory at [mem 0xbffe22d8-0xbffe230f]
[    0.002645] ACPI: Reserving WAET table memory at [mem 0xbffe2310-0xbffe2337]
[    0.002773] No NUMA configuration found
[    0.002773] Faking a node at [mem 0x0000000000000000-0x000000043fffffff]
[    0.002775] NODE_DATA(0) allocated [mem 0x43fffc940-0x43fffffff]
[    0.003006] Zone ranges:
[    0.003007]   DMA      [mem 0x0000000000001000-0x0000000000ffffff]
[    0.003008]   DMA32    [mem 0x0000000001000000-0x00000000ffffffff]
[    0.003008]   Normal   [mem 0x0000000100000000-0x000000043fffffff]
[    0.003009] Movable zone start for each node
[    0.003009] Early memory node ranges
[    0.003009]   node   0: [mem 0x0000000000001000-0x000000000009efff]
[    0.003010]   node   0: [mem 0x0000000000100000-0x00000000bffdffff]
[    0.003011]   node   0: [mem 0x0000000100000000-0x000000043fffffff]
[    0.003012] Initmem setup node 0 [mem 0x0000000000001000-0x000000043fffffff]
[    0.003213] On node 0, zone DMA: 1 pages in unavailable ranges
[    0.003227] On node 0, zone DMA: 97 pages in unavailable ranges
[    0.044748] On node 0, zone Normal: 32 pages in unavailable ranges
[    0.044960] ACPI: PM-Timer IO Port: 0x608
[    0.044967] ACPI: LAPIC_NMI (acpi_id[0xff] dfl dfl lint[0x1])
[    0.044989] IOAPIC[0]: apic_id 0, version 17, address 0xfec00000, GSI 0-23
[    0.044991] ACPI: INT_SRC_OVR (bus 0 bus_irq 0 global_irq 2 dfl dfl)
[    0.044992] ACPI: INT_SRC_OVR (bus 0 bus_irq 5 global_irq 5 high level)
[    0.044993] ACPI: INT_SRC_OVR (bus 0 bus_irq 9 global_irq 9 high level)
[    0.044993] ACPI: INT_SRC_OVR (bus 0 bus_irq 10 global_irq 10 high level)
[    0.044994] ACPI: INT_SRC_OVR (bus 0 bus_irq 11 global_irq 11 high level)
[    0.044995] ACPI: Using ACPI (MADT) for SMP configuration information
[    0.044996] ACPI: HPET id: 0x8086a201 base: 0xfed00000
[    0.044998] TSC deadline timer available
[    0.045001] CPU topo: Max. logical packages:   1
[    0.045002] CPU topo: Max. logical dies:       1
[    0.045002] CPU topo: Max. dies per package:   1
[    0.045004] CPU topo: Max. threads per core:   1
[    0.045005] CPU topo: Num. cores per package:    20
[    0.045005] CPU topo: Num. threads per package:  20
[    0.045005] CPU topo: Allowing 20 present CPUs plus 0 hotplug CPUs
[    0.045015] kvm-guest: APIC: eoi() replaced with kvm_guest_apic_eoi_write()
[    0.045022] kvm-guest: KVM setup pv remote TLB flush
[    0.045024] kvm-guest: setup PV sched yield
[    0.045028] PM: hibernation: Registered nosave memory: [mem 0x00000000-0x00000fff]
[    0.045029] PM: hibernation: Registered nosave memory: [mem 0x0009f000-0x0009ffff]
[    0.045030] PM: hibernation: Registered nosave memory: [mem 0x000a0000-0x000effff]
[    0.045030] PM: hibernation: Registered nosave memory: [mem 0x000f0000-0x000fffff]
[    0.045030] PM: hibernation: Registered nosave memory: [mem 0xbffe0000-0xbfffffff]
[    0.045031] PM: hibernation: Registered nosave memory: [mem 0xc0000000-0xfeffbfff]
[    0.045031] PM: hibernation: Registered nosave memory: [mem 0xfeffc000-0xfeffffff]
[    0.045031] PM: hibernation: Registered nosave memory: [mem 0xff000000-0xfffbffff]
[    0.045032] PM: hibernation: Registered nosave memory: [mem 0xfffc0000-0xffffffff]
[    0.045033] [mem 0xc0000000-0xfeffbfff] available for PCI devices
[    0.045033] Booting paravirtualized kernel on KVM
[    0.045034] clocksource: refined-jiffies: mask: 0xffffffff max_cycles: 0xffffffff, max_idle_ns: 1910969940391419 ns
[    0.048728] setup_percpu: NR_CPUS:64 nr_cpumask_bits:20 nr_cpu_ids:20 nr_node_ids:1
[    0.049642] percpu: Embedded 56 pages/cpu s191320 r8192 d29864 u262144
[    0.049645] pcpu-alloc: s191320 r8192 d29864 u262144 alloc=1*2097152
[    0.049646] pcpu-alloc: [0] 00 01 02 03 04 05 06 07 [0] 08 09 10 11 12 13 14 15 
[    0.049650] pcpu-alloc: [0] 16 17 18 19 -- -- -- -- 
[    0.049670] Kernel command line: BOOT_IMAGE=/vmlinuz-6.13.0-next root=/dev/sda3 rw zswap.enabled=0 rootfstype=ext4 loglevel=3 quiet
[    0.049699] Unknown kernel command line parameters "BOOT_IMAGE=/vmlinuz-6.13.0-next", will be passed to user space.
[    0.049708] random: crng init done
[    0.049709] printk: log buffer data + meta data: 262144 + 917504 = 1179648 bytes
[    0.051723] Dentry cache hash table entries: 2097152 (order: 12, 16777216 bytes, linear)
[    0.052871] Inode-cache hash table entries: 1048576 (order: 11, 8388608 bytes, linear)
[    0.053015] Fallback order for Node 0: 0 
[    0.053018] Built 1 zonelists, mobility grouping on.  Total pages: 4194174
[    0.053018] Policy zone: Normal
[    0.053019] mem auto-init: stack:all(zero), heap alloc:off, heap free:off
[    0.053023] software IO TLB: area num 32.
[    0.089891] SLUB: HWalign=64, Order=0-3, MinObjects=0, CPUs=20, Nodes=1
[    0.090565] Dynamic Preempt: voluntary
[    0.090851] rcu: Preemptible hierarchical RCU implementation.
[    0.090852] rcu: 	RCU event tracing is enabled.
[    0.090852] rcu: 	RCU restricting CPUs from NR_CPUS=64 to nr_cpu_ids=20.
[    0.090854] 	Trampoline variant of Tasks RCU enabled.
[    0.090854] 	Tracing variant of Tasks RCU enabled.
[    0.090854] rcu: RCU calculated value of scheduler-enlistment delay is 100 jiffies.
[    0.090855] rcu: Adjusting geometry for rcu_fanout_leaf=16, nr_cpu_ids=20
[    0.090863] RCU Tasks: Setting shift to 5 and lim to 1 rcu_task_cb_adjust=1 rcu_task_cpu_ids=20.
[    0.090865] RCU Tasks Trace: Setting shift to 5 and lim to 1 rcu_task_cb_adjust=1 rcu_task_cpu_ids=20.
[    0.091492] NR_IRQS: 4352, nr_irqs: 584, preallocated irqs: 16
[    0.091664] rcu: srcu_init: Setting srcu_struct sizes based on contention.
[    0.095790] Console: colour VGA+ 80x25
[    0.095792] printk: legacy console [tty0] enabled
[    0.095807] ACPI: Core revision 20240827
[    0.095875] clocksource: hpet: mask: 0xffffffff max_cycles: 0xffffffff, max_idle_ns: 19112604467 ns
[    0.095927] APIC: Switch to symmetric I/O mode setup
[    0.095931] kvm-guest: APIC: send_IPI_mask() replaced with kvm_send_ipi_mask()
[    0.095934] kvm-guest: APIC: send_IPI_mask_allbutself() replaced with kvm_send_ipi_mask_allbutself()
[    0.095935] kvm-guest: setup PV IPIs
[    0.096515] ..TIMER: vector=0x30 apic1=0 pin1=2 apic2=-1 pin2=-1
[    0.096529] clocksource: tsc-early: mask: 0xffffffffffffffff max_cycles: 0x3990bec8342, max_idle_ns: 881590769617 ns
[    0.096533] Calibrating delay loop (skipped) preset value.. 3993.60 BogoMIPS (lpj=1996800)
[    0.096617] x86/cpu: User Mode Instruction Prevention (UMIP) activated
[    0.096657] Last level iTLB entries: 4KB 0, 2MB 0, 4MB 0
[    0.096658] Last level dTLB entries: 4KB 0, 2MB 0, 4MB 0, 1GB 0
[    0.096662] Spectre V1 : Mitigation: usercopy/swapgs barriers and __user pointer sanitization
[    0.096665] Spectre V2 : Spectre BHI mitigation: SW BHB clearing on syscall and VM exit
[    0.096665] Spectre V2 : Mitigation: Enhanced / Automatic IBRS
[    0.096665] Spectre V2 : Spectre v2 / SpectreRSB mitigation: Filling RSB on context switch
[    0.096666] Spectre V2 : Spectre v2 / PBRSB-eIBRS: Retire a single CALL on VMEXIT
[    0.096667] Spectre V2 : mitigation: Enabling conditional Indirect Branch Prediction Barrier
[    0.096667] Speculative Store Bypass: Mitigation: Speculative Store Bypass disabled via prctl
[    0.096668] Register File Data Sampling: Mitigation: Clear Register File
[    0.096680] x86/fpu: Supporting XSAVE feature 0x001: 'x87 floating point registers'
[    0.096681] x86/fpu: Supporting XSAVE feature 0x002: 'SSE registers'
[    0.096681] x86/fpu: Supporting XSAVE feature 0x004: 'AVX registers'
[    0.096682] x86/fpu: Supporting XSAVE feature 0x200: 'Protection Keys User registers'
[    0.096682] x86/fpu: xstate_offset[2]:  576, xstate_sizes[2]:  256
[    0.096683] x86/fpu: xstate_offset[9]:  832, xstate_sizes[9]:    8
[    0.096684] x86/fpu: Enabled xstate features 0x207, context size is 840 bytes, using 'compacted' format.
[    0.107966] Freeing SMP alternatives memory: 48K
[    0.107969] pid_max: default: 32768 minimum: 301
[    0.107981] LSM: initializing lsm=capability,selinux
[    0.107991] SELinux:  Initializing.
[    0.108259] Mount-cache hash table entries: 32768 (order: 6, 262144 bytes, linear)
[    0.108265] Mountpoint-cache hash table entries: 32768 (order: 6, 262144 bytes, linear)
[    0.108400] smpboot: CPU0: 12th Gen Intel(R) Core(TM) i7-1280P (family: 0x6, model: 0x9a, stepping: 0x3)
[    0.111564] Performance Events: unsupported p6 CPU model 154 no PMU driver, software events only.
[    0.111598] signal: max sigframe size: 3632
[    0.112546] rcu: Hierarchical SRCU implementation.
[    0.112546] rcu: 	Max phase no-delay instances is 400.
[    0.112563] Timer migration: 2 hierarchy levels; 8 children per group; 2 crossnode level
[    0.112675] smp: Bringing up secondary CPUs ...
[    0.115560] smpboot: x86: Booting SMP configuration:
[    0.115561] .... node  #0, CPUs:        #1  #2  #3  #4  #5  #6  #7  #8  #9 #10 #11 #12 #13 #14 #15 #16 #17 #18 #19
[    0.131722] smp: Brought up 1 node, 20 CPUs
[    0.131727] smpboot: Total of 20 processors activated (79872.00 BogoMIPS)
[    0.132652] Memory: 16370888K/16776696K available (18432K kernel code, 2609K rwdata, 6644K rodata, 2620K init, 1780K bss, 397300K reserved, 0K cma-reserved)
[    0.133053] devtmpfs: initialized
[    0.133894] clocksource: jiffies: mask: 0xffffffff max_cycles: 0xffffffff, max_idle_ns: 1911260446275000 ns
[    0.133894] futex hash table entries: 8192 (order: 7, 524288 bytes, linear)
[    0.133894] PM: RTC time: 12:37:26, date: 2024-12-02
[    0.134011] NET: Registered PF_NETLINK/PF_ROUTE protocol family
[    0.134086] audit: initializing netlink subsys (disabled)
[    0.134119] audit: type=2000 audit(1733143047.283:1): state=initialized audit_enabled=0 res=1
[    0.134561] thermal_sys: Registered thermal governor 'step_wise'
[    0.134562] thermal_sys: Registered thermal governor 'user_space'
[    0.134572] cpuidle: using governor menu
[    0.135003] PCI: Using configuration type 1 for base access
[    0.135074] kprobes: kprobe jump-optimization is enabled. All kprobes are optimized if possible.
[    0.139776] HugeTLB: registered 2.00 MiB page size, pre-allocated 0 pages
[    0.139778] HugeTLB: 28 KiB vmemmap can be freed for a 2.00 MiB page
[    0.139836] ACPI: Added _OSI(Module Device)
[    0.139836] ACPI: Added _OSI(Processor Device)
[    0.139836] ACPI: Added _OSI(3.0 _SCP Extensions)
[    0.139836] ACPI: Added _OSI(Processor Aggregator Device)
[    0.139836] ACPI: 1 ACPI AML tables successfully acquired and loaded
[    0.142081] ACPI: Interpreter enabled
[    0.142081] ACPI: PM: (supports S0 S3 S4 S5)
[    0.142081] ACPI: Using IOAPIC for interrupt routing
[    0.142081] PCI: Using host bridge windows from ACPI; if necessary, use "pci=nocrs" and report a bug
[    0.142081] PCI: Using E820 reservations for host bridge windows
[    0.142081] ACPI: Enabled 2 GPEs in block 00 to 0F
[    0.143502] ACPI: PCI Root Bridge [PCI0] (domain 0000 [bus 00-ff])
[    0.143506] acpi PNP0A03:00: _OSC: OS supports [ASPM ClockPM Segments MSI HPX-Type3]
[    0.143507] acpi PNP0A03:00: _OSC: not requesting OS control; OS requires [ExtendedConfig ASPM ClockPM MSI]
[    0.143511] acpi PNP0A03:00: fail to add MMCONFIG information, can't access extended configuration space under this bridge
[    0.143571] PCI host bridge to bus 0000:00
[    0.143573] pci_bus 0000:00: root bus resource [io  0x0000-0x0cf7 window]
[    0.143574] pci_bus 0000:00: root bus resource [io  0x0d00-0xffff window]
[    0.143575] pci_bus 0000:00: root bus resource [mem 0x000a0000-0x000bffff window]
[    0.143576] pci_bus 0000:00: root bus resource [mem 0xc0000000-0xfebfffff window]
[    0.143576] pci_bus 0000:00: root bus resource [mem 0x440000000-0x4bfffffff window]
[    0.143577] pci_bus 0000:00: root bus resource [bus 00-ff]
[    0.143601] pci 0000:00:00.0: [8086:1237] type 00 class 0x060000 conventional PCI endpoint
[    0.143846] pci 0000:00:01.0: [8086:7000] type 00 class 0x060100 conventional PCI endpoint
[    0.144149] pci 0000:00:01.1: [8086:7010] type 00 class 0x010180 conventional PCI endpoint
[    0.145296] pci 0000:00:01.1: BAR 4 [io  0xc040-0xc04f]
[    0.145766] pci 0000:00:01.1: BAR 0 [io  0x01f0-0x01f7]: legacy IDE quirk
[    0.145767] pci 0000:00:01.1: BAR 1 [io  0x03f6]: legacy IDE quirk
[    0.145768] pci 0000:00:01.1: BAR 2 [io  0x0170-0x0177]: legacy IDE quirk
[    0.145768] pci 0000:00:01.1: BAR 3 [io  0x0376]: legacy IDE quirk
[    0.145841] pci 0000:00:01.3: [8086:7113] type 00 class 0x068000 conventional PCI endpoint
[    0.146053] pci 0000:00:01.3: quirk: [io  0x0600-0x063f] claimed by PIIX4 ACPI
[    0.146057] pci 0000:00:01.3: quirk: [io  0x0700-0x070f] claimed by PIIX4 SMB
[    0.146149] pci 0000:00:02.0: [1234:1111] type 00 class 0x030000 conventional PCI endpoint
[    0.149538] pci 0000:00:02.0: BAR 0 [mem 0xfd000000-0xfdffffff pref]
[    0.153996] pci 0000:00:02.0: BAR 2 [mem 0xfebf0000-0xfebf0fff]
[    0.166958] pci 0000:00:02.0: ROM [mem 0xfebe0000-0xfebeffff pref]
[    0.166996] pci 0000:00:02.0: Video device with shadowed ROM at [mem 0x000c0000-0x000dffff]
[    0.167104] pci 0000:00:03.0: [8086:100e] type 00 class 0x020000 conventional PCI endpoint
[    0.172535] pci 0000:00:03.0: BAR 0 [mem 0xfebc0000-0xfebdffff]
[    0.179534] pci 0000:00:03.0: BAR 1 [io  0xc000-0xc03f]
[    0.217537] pci 0000:00:03.0: ROM [mem 0xfeb80000-0xfebbffff pref]
[    0.218217] ACPI: PCI: Interrupt link LNKA configured for IRQ 10
[    0.218308] ACPI: PCI: Interrupt link LNKB configured for IRQ 10
[    0.218399] ACPI: PCI: Interrupt link LNKC configured for IRQ 11
[    0.218478] ACPI: PCI: Interrupt link LNKD configured for IRQ 11
[    0.218528] ACPI: PCI: Interrupt link LNKS configured for IRQ 9
[    0.219156] iommu: Default domain type: Translated
[    0.219159] iommu: DMA domain TLB invalidation policy: lazy mode
[    0.219213] SCSI subsystem initialized
[    0.219568] libata version 3.00 loaded.
[    0.219568] ACPI: bus type USB registered
[    0.219572] usbcore: registered new interface driver usbfs
[    0.219576] usbcore: registered new interface driver hub
[    0.219581] usbcore: registered new device driver usb
[    0.219589] pps_core: LinuxPPS API ver. 1 registered
[    0.219590] pps_core: Software ver. 5.3.6 - Copyright 2005-2007 Rodolfo Giometti <giometti@linux.it>
[    0.219591] PTP clock support registered
[    0.220188] NetLabel: Initializing
[    0.220190] NetLabel:  domain hash size = 128
[    0.220191] NetLabel:  protocols = UNLABELED CIPSOv4 CALIPSO
[    0.220201] NetLabel:  unlabeled traffic allowed by default
[    0.220572] PCI: Using ACPI for IRQ routing
[    0.220572] PCI: pci_cache_line_size set to 64 bytes
[    0.220614] e820: reserve RAM buffer [mem 0x0009fc00-0x0009ffff]
[    0.220615] e820: reserve RAM buffer [mem 0xbffe0000-0xbfffffff]
[    0.220627] pci 0000:00:02.0: vgaarb: setting as boot VGA device
[    0.220627] pci 0000:00:02.0: vgaarb: bridge control possible
[    0.220627] pci 0000:00:02.0: vgaarb: VGA device added: decodes=io+mem,owns=io+mem,locks=none
[    0.220627] vgaarb: loaded
[    0.220627] hpet0: at MMIO 0xfed00000, IRQs 2, 8, 0
[    0.220627] hpet0: 3 comparators, 64-bit 100.000000 MHz counter
[    0.225583] clocksource: Switched to clocksource kvm-clock
[    0.225663] VFS: Disk quotas dquot_6.6.0
[    0.225663] VFS: Dquot-cache hash table entries: 512 (order 0, 4096 bytes)
[    0.225700] pnp: PnP ACPI init
[    0.225759] pnp 00:02: [dma 2]
[    0.225963] pnp: PnP ACPI: found 6 devices
[    0.234740] clocksource: acpi_pm: mask: 0xffffff max_cycles: 0xffffff, max_idle_ns: 2085701024 ns
[    0.234772] NET: Registered PF_INET protocol family
[    0.235187] IP idents hash table entries: 262144 (order: 9, 2097152 bytes, linear)
[    0.237258] tcp_listen_portaddr_hash hash table entries: 8192 (order: 5, 131072 bytes, linear)
[    0.237269] Table-perturb hash table entries: 65536 (order: 6, 262144 bytes, linear)
[    0.237272] TCP established hash table entries: 131072 (order: 8, 1048576 bytes, linear)
[    0.237588] TCP bind hash table entries: 65536 (order: 9, 2097152 bytes, linear)
[    0.237905] TCP: Hash tables configured (established 131072 bind 65536)
[    0.237933] UDP hash table entries: 8192 (order: 7, 524288 bytes, linear)
[    0.237979] UDP-Lite hash table entries: 8192 (order: 7, 524288 bytes, linear)
[    0.238048] NET: Registered PF_UNIX/PF_LOCAL protocol family
[    0.238536] RPC: Registered named UNIX socket transport module.
[    0.238537] RPC: Registered udp transport module.
[    0.238537] RPC: Registered tcp transport module.
[    0.238538] RPC: Registered tcp-with-tls transport module.
[    0.238538] RPC: Registered tcp NFSv4.1 backchannel transport module.
[    0.238544] pci_bus 0000:00: resource 4 [io  0x0000-0x0cf7 window]
[    0.238546] pci_bus 0000:00: resource 5 [io  0x0d00-0xffff window]
[    0.238547] pci_bus 0000:00: resource 6 [mem 0x000a0000-0x000bffff window]
[    0.238548] pci_bus 0000:00: resource 7 [mem 0xc0000000-0xfebfffff window]
[    0.238549] pci_bus 0000:00: resource 8 [mem 0x440000000-0x4bfffffff window]
[    0.238578] pci 0000:00:01.0: PIIX3: Enabling Passive Release
[    0.238586] pci 0000:00:00.0: Limiting direct PCI/PCI transfers
[    0.238622] PCI: CLS 0 bytes, default 64
[    0.238654] PCI-DMA: Using software bounce buffering for IO (SWIOTLB)
[    0.238655] software IO TLB: mapped [mem 0x00000000bbfe0000-0x00000000bffe0000] (64MB)
[    0.238678] RAPL PMU: API unit is 2^-32 Joules, 0 fixed counters, 10737418240 ms ovfl timer
[    0.238686] clocksource: tsc: mask: 0xffffffffffffffff max_cycles: 0x3990bec8342, max_idle_ns: 881590769617 ns
[    0.248018] Initialise system trusted keyrings
[    0.248229] workingset: timestamp_bits=56 max_order=22 bucket_order=0
[    0.248385] NFS: Registering the id_resolver key type
[    0.248387] Key type id_resolver registered
[    0.248388] Key type id_legacy registered
[    0.248455] 9p: Installing v9fs 9p2000 file system support
[    0.254486] Key type asymmetric registered
[    0.254491] Asymmetric key parser 'x509' registered
[    0.254509] Block layer SCSI generic (bsg) driver version 0.4 loaded (major 251)
[    0.254517] io scheduler mq-deadline registered
[    0.254518] io scheduler kyber registered
[    0.256287] input: Power Button as /devices/LNXSYSTM:00/LNXPWRBN:00/input/input0
[    0.256388] ACPI: button: Power Button [PWRF]
[    0.259084] Serial: 8250/16550 driver, 4 ports, IRQ sharing enabled
[    0.259203] 00:04: ttyS0 at I/O 0x3f8 (irq = 4, base_baud = 115200) is a 16550A
[    0.259461] Non-volatile memory driver v1.3
[    0.259462] Linux agpgart interface v0.103
[    0.259491] ACPI: bus type drm_connector registered
[    0.263659] loop: module loaded
[    0.263696] ata_piix 0000:00:01.1: version 2.13
[    0.264319] scsi host0: ata_piix
[    0.264638] scsi host1: ata_piix
[    0.264648] ata1: PATA max MWDMA2 cmd 0x1f0 ctl 0x3f6 bmdma 0xc040 irq 14 lpm-pol 0
[    0.264649] ata2: PATA max MWDMA2 cmd 0x170 ctl 0x376 bmdma 0xc048 irq 15 lpm-pol 0
[    0.264753] e100: Intel(R) PRO/100 Network Driver
[    0.264753] e100: Copyright(c) 1999-2006 Intel Corporation
[    0.264756] e1000: Intel(R) PRO/1000 Network Driver
[    0.264757] e1000: Copyright (c) 1999-2006 Intel Corporation.
[    0.270918] ACPI: \_SB_.LNKC: Enabled at IRQ 11
[    0.423081] ata1: found unknown device (class 0)
[    0.423284] ata2: found unknown device (class 0)
[    0.424619] ata1.00: ATA-7: QEMU HARDDISK, 2.5+, max UDMA/100
[    0.424622] ata1.00: 18874368 sectors, multi 16: LBA48 
[    0.424742] ata2.00: ATAPI: QEMU DVD-ROM, 2.5+, max UDMA/100
[    0.425619] scsi 0:0:0:0: Direct-Access     ATA      QEMU HARDDISK    2.5+ PQ: 0 ANSI: 5
[    0.425787] scsi 0:0:0:0: Attached scsi generic sg0 type 0
[    0.425854] sd 0:0:0:0: [sda] 18874368 512-byte logical blocks: (9.66 GB/9.00 GiB)
[    0.425857] sd 0:0:0:0: [sda] Write Protect is off
[    0.425869] sd 0:0:0:0: [sda] Mode Sense: 00 3a 00 00
[    0.425898] sd 0:0:0:0: [sda] Write cache: enabled, read cache: enabled, doesn't support DPO or FUA
[    0.425922] sd 0:0:0:0: [sda] Preferred minimum I/O size 512 bytes
[    0.426392] scsi 1:0:0:0: CD-ROM            QEMU     QEMU DVD-ROM     2.5+ PQ: 0 ANSI: 5
[    0.437226]  sda: sda1 sda3 sda4
[    0.437637] sd 0:0:0:0: [sda] Attached SCSI disk
[    0.445498] sr 1:0:0:0: [sr0] scsi3-mmc drive: 4x/4x cd/rw xa/form2 tray
[    0.445501] cdrom: Uniform CD-ROM driver Revision: 3.20
[    0.455613] sr 1:0:0:0: Attached scsi CD-ROM sr0
[    0.455703] sr 1:0:0:0: Attached scsi generic sg1 type 5
[    0.558275] e1000 0000:00:03.0 eth0: (PCI:33MHz:32-bit) 52:54:00:12:34:56
[    0.558281] e1000 0000:00:03.0 eth0: Intel(R) PRO/1000 Network Connection
[    0.558288] e1000e: Intel(R) PRO/1000 Network Driver
[    0.558289] e1000e: Copyright(c) 1999 - 2015 Intel Corporation.
[    0.558294] sky2: driver version 1.30
[    0.558425] usbcore: registered new interface driver usblp
[    0.558427] usbcore: registered new interface driver usb-storage
[    0.558442] i8042: PNP: PS/2 Controller [PNP0303:KBD,PNP0f13:MOU] at 0x60,0x64 irq 1,12
[    0.558869] serio: i8042 KBD port at 0x60,0x64 irq 1
[    0.558872] serio: i8042 AUX port at 0x60,0x64 irq 12
[    0.559063] rtc_cmos 00:05: RTC can wake from S4
[    0.559347] rtc_cmos 00:05: registered as rtc0
[    0.559393] rtc_cmos 00:05: alarms up to one day, y3k, 242 bytes nvram, hpet irqs
[    0.559478] device-mapper: ioctl: 4.48.0-ioctl (2023-03-01) initialised: dm-devel@lists.linux.dev
[    0.559483] intel_pstate: CPU model not supported
[    0.559488] hid: raw HID events driver (C) Jiri Kosina
[    0.559503] input: AT Translated Set 2 keyboard as /devices/platform/i8042/serio0/input/input1
[    0.559555] usbcore: registered new interface driver usbhid
[    0.559556] usbhid: USB HID core driver
[    0.560328] Initializing XFRM netlink socket
[    0.560349] NET: Registered PF_INET6 protocol family
[    0.560942] Segment Routing with IPv6
[    0.560949] In-situ OAM (IOAM) with IPv6
[    0.560968] sit: IPv6, IPv4 and MPLS over IPv4 tunneling driver
[    0.561056] NET: Registered PF_PACKET protocol family
[    0.561070] 9pnet: Installing 9P2000 support
[    0.561078] Key type dns_resolver registered
[    0.563348] IPI shorthand broadcast: enabled
[    0.564247] sched_clock: Marking stable (560001458, 3862641)->(566782924, -2918825)
[    0.564754] registered taskstats version 1
[    0.564755] Loading compiled-in X.509 certificates
[    0.565443] Demotion targets for Node 0: null
[    0.565612] PM:   Magic number: 4:41:632
[    0.565613] PM:   hash matches drivers/base/power/main.c:626
[    0.565637] printk: legacy console [netcon0] enabled
[    0.565638] netconsole: network logging started
[    0.976425] input: ImExPS/2 Generic Explorer Mouse as /devices/platform/i8042/serio1/input/input3
[    0.976831] md: Waiting for all devices to be available before autodetect
[    0.976833] md: If you don't use raid, use raid=noautodetect
[    0.977014] md: Autodetecting RAID arrays.
[    0.977016] md: autorun ...
[    0.977016] md: ... autorun DONE.
[    1.076818] EXT4-fs (sda3): mounted filesystem 0c3825da-2be3-4569-b77b-be54787bd50a r/w with ordered data mode. Quota mode: none.
[    1.077053] VFS: Mounted root (ext4 filesystem) on device 8:3.
[    1.078746] devtmpfs: mounted
[    1.079580] Freeing unused kernel image (initmem) memory: 2620K
[    1.079589] Write protecting the kernel read-only data: 26624k
[    1.080538] Freeing unused kernel image (rodata/data gap) memory: 1548K
[    1.085291] x86/mm: Checked W+X mappings: passed, no W+X pages found.
[    1.085294] Run /sbin/init as init process
[    1.085295]   with arguments:
[    1.085295]     /sbin/init
[    1.085295]   with environment:
[    1.085296]     HOME=/
[    1.085296]     TERM=linux
[    1.085296]     BOOT_IMAGE=/vmlinuz-6.13.0-next
[    1.167717] systemd[1]: RTC configured in localtime, applying delta of 60 minutes to system time.
[    1.185890] systemd[1]: systemd 256.5 running in system mode (-PAM -AUDIT -SELINUX -APPARMOR +IMA +SMACK -SECCOMP -GCRYPT -GNUTLS +OPENSSL +ACL +BLKID -CURL -ELFUTILS -FIDO2 -IDN2 -IDN -IPTC +KMOD -LIBCRYPTSETUP -LIBCRYPTSETUP_PLUGINS +LIBFDISK -PCRE2 -PWQUALITY -P11KIT -QRENCODE -TPM2 +BZIP2 +LZ4 +XZ +ZLIB +ZSTD -BPF_FRAMEWORK -XKBCOMMON +UTMP +SYSVINIT -LIBARCHIVE)
[    1.185892] systemd[1]: Detected virtualization kvm.
[    1.185979] systemd[1]: Detected architecture x86-64.
[    1.188069] systemd[1]: Hostname set to <Kattbox>.
[    1.224959] systemd-run-gen (169) used greatest stack depth: 12912 bytes left
[    1.225095] systemd-getty-g (165) used greatest stack depth: 12848 bytes left
[    1.312824] systemd[1]: Queued start job for default target Graphical Interface.
[    1.329308] systemd[1]: Created slice Slice /system/getty.
[    1.329385] systemd[1]: Created slice Slice /system/modprobe.
[    1.329421] systemd[1]: Created slice User and Session Slice.
[    1.329438] systemd[1]: Started Dispatch Password Requests to Console Directory Watch.
[    1.329450] systemd[1]: Started Forward Password Requests to Wall Directory Watch.
[    1.329536] systemd[1]: Set up automount Arbitrary Executable File Formats File System Automount Point.
[    1.329544] systemd[1]: Expecting device /dev/disk/by-uuid/025C-63FC...
[    1.329546] systemd[1]: Expecting device /dev/disk/by-uuid/794b5bb8-5cb3-4b5c-aa48-a19ee04057e4...
[    1.329556] systemd[1]: Reached target Path Units.
[    1.329561] systemd[1]: Reached target Remote File Systems.
[    1.329565] systemd[1]: Reached target Slice Units.
[    1.330885] systemd[1]: Listening on Process Core Dump Socket.
[    1.331666] systemd[1]: Listening on Credential Encryption/Decryption.
[    1.331691] systemd[1]: Listening on initctl Compatibility Named Pipe.
[    1.332044] systemd[1]: Listening on Journal Audit Socket.
[    1.332068] systemd[1]: Listening on Journal Socket (/dev/log).
[    1.332087] systemd[1]: Listening on Journal Sockets.
[    1.332102] systemd[1]: Listening on DDI File System Mounter Socket.
[    1.332135] systemd[1]: Listening on Network Service Netlink Socket.
[    1.332147] systemd[1]: Listening on Namespace Resource Manager Socket.
[    1.332154] systemd[1]: Userspace Out-Of-Memory (OOM) Killer Socket was skipped because of an unmet condition check (ConditionPathExists=/proc/pressure/memory).
[    1.332206] systemd[1]: Listening on udev Control Socket.
[    1.332223] systemd[1]: Listening on udev Kernel Socket.
[    1.333508] systemd[1]: Mounting Huge Pages File System...
[    1.333811] systemd[1]: Mounting POSIX Message Queue File System...
[    1.334220] systemd[1]: Mounting Kernel Debug File System...
[    1.334665] systemd[1]: Mounting Kernel Trace File System...
[    1.334679] systemd[1]: Create List of Static Device Nodes was skipped because of an unmet condition check (ConditionFileNotEmpty=/lib/modules/6.12.0testing-next-next-20241128-dirty/modules.devname).
[    1.335038] systemd[1]: Starting Load Kernel Module configfs...
[    1.335346] systemd[1]: Starting Load Kernel Module dm_mod...
[    1.335728] systemd[1]: Starting Load Kernel Module drm...
[    1.336174] systemd[1]: Starting Load Kernel Module efi_pstore...
[    1.336511] systemd[1]: Starting Load Kernel Module fuse...
[    1.336943] systemd[1]: Starting Load Kernel Module loop...
[    1.336969] systemd[1]: File System Check on Root Device was skipped because of an unmet condition check (ConditionPathIsReadWrite=!/).
[    1.336983] systemd[1]: Clear Stale Hibernate Storage Info was skipped because of an unmet condition check (ConditionPathExists=/sys/firmware/efi/efivars/HibernateLocation-8cf2644b-4b0b-428f-9387-6d876050dc67).
[    1.337035] systemd[1]: systemd-journald.service: unit configures an IP firewall, but the local system does not support BPF/cgroup firewalling.
[    1.337038] systemd[1]: systemd-journald.service: (This warning is only shown for the first unit using IP firewalling.)
[    1.337716] systemd[1]: Starting Journal Service...
[    1.340232] systemd[1]: Load Kernel Modules was skipped because no trigger condition checks were met.
[    1.340891] systemd[1]: Starting Generate network units from Kernel command line...
[    1.341241] systemd[1]: Starting Remount Root and Kernel File Systems...
[    1.341518] systemd[1]: Starting Apply Kernel Variables...
[    1.341795] systemd[1]: Starting Create Static Device Nodes in /dev gracefully...
[    1.342132] systemd[1]: Starting Load udev Rules from Credentials...
[    1.342346] systemd[1]: Starting Coldplug All udev Devices...
[    1.343180] systemd[1]: modprobe@configfs.service: Deactivated successfully.
[    1.343236] systemd[1]: Finished Load Kernel Module configfs.
[    1.343316] systemd[1]: modprobe@dm_mod.service: Deactivated successfully.
[    1.343356] systemd[1]: Finished Load Kernel Module dm_mod.
[    1.343424] systemd[1]: modprobe@drm.service: Deactivated successfully.
[    1.343461] systemd[1]: Finished Load Kernel Module drm.
[    1.343526] systemd[1]: modprobe@efi_pstore.service: Deactivated successfully.
[    1.343565] systemd[1]: Finished Load Kernel Module efi_pstore.
[    1.343636] systemd[1]: modprobe@fuse.service: Deactivated successfully.
[    1.343688] systemd[1]: Finished Load Kernel Module fuse.
[    1.343752] systemd[1]: modprobe@loop.service: Deactivated successfully.
[    1.343787] systemd[1]: Finished Load Kernel Module loop.
[    1.343891] systemd[1]: FUSE Control File System was skipped because of an unmet condition check (ConditionPathExists=/sys/fs/fuse/connections).
[    1.343923] systemd[1]: Kernel Configuration File System was skipped because of an unmet condition check (ConditionPathExists=/sys/kernel/config).
[    1.343941] systemd[1]: Repartition Root Disk was skipped because no trigger condition checks were met.
[    1.348514] systemd[1]: Mounted Huge Pages File System.
[    1.348665] systemd[1]: Mounted POSIX Message Queue File System.
[    1.348723] systemd[1]: Mounted Kernel Debug File System.
[    1.348781] systemd[1]: Mounted Kernel Trace File System.
[    1.350417] systemd-network (202) used greatest stack depth: 12832 bytes left
[    1.350570] systemd[1]: Finished Generate network units from Kernel command line.
[    1.350624] systemd[1]: Reached target Preparation for Network.
[    1.356823] systemd-journald[191]: Collecting audit messages is enabled.
[    1.359459] systemd[1]: Finished Apply Kernel Variables.
[    1.360174] systemd[1]: Finished Load udev Rules from Credentials.
[    1.363502] systemd[1]: Started Journal Service.
[    1.485041] EXT4-fs (sda3): re-mounted 0c3825da-2be3-4569-b77b-be54787bd50a r/w. Quota mode: none.
[    1.510910] systemd-journald[191]: Received client request to flush runtime journal.
[    1.549380] systemd-journald[191]: /var/log/journal/3da3dbd49bc347d28f5509aa75d708c0/system.journal: Realtime clock jumped backwards relative to last journal entry, rotating.
[    1.549386] systemd-journald[191]: Rotating system journal.
[    1.686340] e1000: eth0 NIC Link is Up 1000 Mbps Full Duplex, Flow Control: RX
[    1.704341] Adding 1048572k swap on /dev/sda4.  Priority:1 extents:1 across:1048572k 
[    2.373078] FAT-fs (sda1): Volume was not properly unmounted. Some data may be corrupt. Please run fsck.
